Archive member included to satisfy reference by file (symbol)

/opt/st/stm32cubeide_1.18.0/plugins/com.st.stm32cube.ide.mcu.externaltools.gnu-tools-for-stm32.13.3.rel1.linux64_1.0.0.202410170706/tools/bin/../lib/gcc/arm-none-eabi/13.3.1/../../../../arm-none-eabi/lib/thumb/v7e-m+fp/hard/libc_nano.a(libc_a-assert.o)
                              ./Core/Src/main.o (__assert_func)
/opt/st/stm32cubeide_1.18.0/plugins/com.st.stm32cube.ide.mcu.externaltools.gnu-tools-for-stm32.13.3.rel1.linux64_1.0.0.202410170706/tools/bin/../lib/gcc/arm-none-eabi/13.3.1/../../../../arm-none-eabi/lib/thumb/v7e-m+fp/hard/libc_nano.a(libc_a-atof.o)
                              ./Core/Src/Spindle/Spindle.o (atof)
/opt/st/stm32cubeide_1.18.0/plugins/com.st.stm32cube.ide.mcu.externaltools.gnu-tools-for-stm32.13.3.rel1.linux64_1.0.0.202410170706/tools/bin/../lib/gcc/arm-none-eabi/13.3.1/../../../../arm-none-eabi/lib/thumb/v7e-m+fp/hard/libc_nano.a(libc_a-calloc.o)
                              ./Core/Src/Console/Console.o (calloc)
/opt/st/stm32cubeide_1.18.0/plugins/com.st.stm32cube.ide.mcu.externaltools.gnu-tools-for-stm32.13.3.rel1.linux64_1.0.0.202410170706/tools/bin/../lib/gcc/arm-none-eabi/13.3.1/../../../../arm-none-eabi/lib/thumb/v7e-m+fp/hard/libc_nano.a(libc_a-callocr.o)
                              /opt/st/stm32cubeide_1.18.0/plugins/com.st.stm32cube.ide.mcu.externaltools.gnu-tools-for-stm32.13.3.rel1.linux64_1.0.0.202410170706/tools/bin/../lib/gcc/arm-none-eabi/13.3.1/../../../../arm-none-eabi/lib/thumb/v7e-m+fp/hard/libc_nano.a(libc_a-calloc.o) (_calloc_r)
/opt/st/stm32cubeide_1.18.0/plugins/com.st.stm32cube.ide.mcu.externaltools.gnu-tools-for-stm32.13.3.rel1.linux64_1.0.0.202410170706/tools/bin/../lib/gcc/arm-none-eabi/13.3.1/../../../../arm-none-eabi/lib/thumb/v7e-m+fp/hard/libc_nano.a(libc_a-exit.o)
                              /opt/st/stm32cubeide_1.18.0/plugins/com.st.stm32cube.ide.mcu.externaltools.gnu-tools-for-stm32.13.3.rel1.linux64_1.0.0.202410170706/tools/bin/../lib/gcc/arm-none-eabi/13.3.1/../../../../arm-none-eabi/lib/thumb/v7e-m+fp/hard/crt0.o (exit)
/opt/st/stm32cubeide_1.18.0/plugins/com.st.stm32cube.ide.mcu.externaltools.gnu-tools-for-stm32.13.3.rel1.linux64_1.0.0.202410170706/tools/bin/../lib/gcc/arm-none-eabi/13.3.1/../../../../arm-none-eabi/lib/thumb/v7e-m+fp/hard/libc_nano.a(libc_a-getenv.o)
                              ./Core/Src/Console/Console.o (getenv)
/opt/st/stm32cubeide_1.18.0/plugins/com.st.stm32cube.ide.mcu.externaltools.gnu-tools-for-stm32.13.3.rel1.linux64_1.0.0.202410170706/tools/bin/../lib/gcc/arm-none-eabi/13.3.1/../../../../arm-none-eabi/lib/thumb/v7e-m+fp/hard/libc_nano.a(libc_a-getenv_r.o)
                              /opt/st/stm32cubeide_1.18.0/plugins/com.st.stm32cube.ide.mcu.externaltools.gnu-tools-for-stm32.13.3.rel1.linux64_1.0.0.202410170706/tools/bin/../lib/gcc/arm-none-eabi/13.3.1/../../../../arm-none-eabi/lib/thumb/v7e-m+fp/hard/libc_nano.a(libc_a-getenv.o) (_findenv_r)
/opt/st/stm32cubeide_1.18.0/plugins/com.st.stm32cube.ide.mcu.externaltools.gnu-tools-for-stm32.13.3.rel1.linux64_1.0.0.202410170706/tools/bin/../lib/gcc/arm-none-eabi/13.3.1/../../../../arm-none-eabi/lib/thumb/v7e-m+fp/hard/libc_nano.a(libc_a-malloc.o)
                              ./Core/Src/Console/Console.o (malloc)
/opt/st/stm32cubeide_1.18.0/plugins/com.st.stm32cube.ide.mcu.externaltools.gnu-tools-for-stm32.13.3.rel1.linux64_1.0.0.202410170706/tools/bin/../lib/gcc/arm-none-eabi/13.3.1/../../../../arm-none-eabi/lib/thumb/v7e-m+fp/hard/libc_nano.a(libc_a-mallocr.o)
                              /opt/st/stm32cubeide_1.18.0/plugins/com.st.stm32cube.ide.mcu.externaltools.gnu-tools-for-stm32.13.3.rel1.linux64_1.0.0.202410170706/tools/bin/../lib/gcc/arm-none-eabi/13.3.1/../../../../arm-none-eabi/lib/thumb/v7e-m+fp/hard/libc_nano.a(libc_a-callocr.o) (_malloc_r)
/opt/st/stm32cubeide_1.18.0/plugins/com.st.stm32cube.ide.mcu.externaltools.gnu-tools-for-stm32.13.3.rel1.linux64_1.0.0.202410170706/tools/bin/../lib/gcc/arm-none-eabi/13.3.1/../../../../arm-none-eabi/lib/thumb/v7e-m+fp/hard/libc_nano.a(libc_a-mstats.o)
                              ./Core/Src/Console/Console.o (mallinfo)
/opt/st/stm32cubeide_1.18.0/plugins/com.st.stm32cube.ide.mcu.externaltools.gnu-tools-for-stm32.13.3.rel1.linux64_1.0.0.202410170706/tools/bin/../lib/gcc/arm-none-eabi/13.3.1/../../../../arm-none-eabi/lib/thumb/v7e-m+fp/hard/libc_nano.a(libc_a-strtod.o)
                              /opt/st/stm32cubeide_1.18.0/plugins/com.st.stm32cube.ide.mcu.externaltools.gnu-tools-for-stm32.13.3.rel1.linux64_1.0.0.202410170706/tools/bin/../lib/gcc/arm-none-eabi/13.3.1/../../../../arm-none-eabi/lib/thumb/v7e-m+fp/hard/libc_nano.a(libc_a-atof.o) (strtod)
/opt/st/stm32cubeide_1.18.0/plugins/com.st.stm32cube.ide.mcu.externaltools.gnu-tools-for-stm32.13.3.rel1.linux64_1.0.0.202410170706/tools/bin/../lib/gcc/arm-none-eabi/13.3.1/../../../../arm-none-eabi/lib/thumb/v7e-m+fp/hard/libc_nano.a(libc_a-malloptr.o)
[...]
Memory Configuration

Name             Origin             Length             Attributes
RAM              0x20000000         0x00050000         xrw
FLASH            0x08000000         0x00100000         xr
*default*        0x00000000         0xffffffff

Linker script and memory map

LOAD /opt/st/stm32cubeide_1.18.0/plugins/com.st.stm32cube.ide.mcu.externaltools.gnu-tools-for-stm32.13.3.rel1.linux64_1.0.0.202410170706/tools/bin/../lib/gcc/arm-none-eabi/13.3.1/thumb/v7e-m+fp/hard/crti.o
LOAD /opt/st/stm32cubeide_1.18.0/plugins/com.st.stm32cube.ide.mcu.externaltools.gnu-tools-for-stm32.13.3.rel1.linux64_1.0.0.202410170706/tools/bin/../lib/gcc/arm-none-eabi/13.3.1/thumb/v7e-m+fp/hard/crtbegin.o
LOAD /opt/st/stm32cubeide_1.18.0/plugins/com.st.stm32cube.ide.mcu.externaltools.gnu-tools-for-stm32.13.3.rel1.linux64_1.0.0.202410170706/tools/bin/../lib/gcc/arm-none-eabi/13.3.1/../../../../arm-none-eabi/lib/thumb/v7e-m+fp/hard/crt0.o
LOAD ./Core/Src/Console/Console.o
LOAD ./Core/Src/Spindle/Spindle.o
LOAD ./Core/Src/Stepper/LibL6474x.o
LOAD ./Core/Src/customstepper.o
LOAD ./Core/Src/main.o
LOAD ./Core/Src/newlib_abs.o
LOAD ./Core/Src/stm32f7xx_hal_msp.o
LOAD ./Core/Src/stm32f7xx_it.o
LOAD ./Core/Src/system_stm32f7xx.o
LOAD ./Core/Startup/startup_stm32f746zgtx.o
LOAD ./Drivers/STM32F7xx_HAL_Driver/Src/stm32f7xx_hal.o
LOAD ./Drivers/STM32F7xx_HAL_Driver/Src/stm32f7xx_hal_cortex.o
LOAD ./Drivers/STM32F7xx_HAL_Driver/Src/stm32f7xx_hal_dma.o
LOAD ./Drivers/STM32F7xx_HAL_Driver/Src/stm32f7xx_hal_dma_ex.o
LOAD ./Drivers/STM32F7xx_HAL_Driver/Src/stm32f7xx_hal_exti.o
LOAD ./Drivers/STM32F7xx_HAL_Driver/Src/stm32f7xx_hal_flash.o
LOAD ./Drivers/STM32F7xx_HAL_Driver/Src/stm32f7xx_hal_flash_ex.o
LOAD ./Drivers/STM32F7xx_HAL_Driver/Src/stm32f7xx_hal_gpio.o
LOAD ./Drivers/STM32F7xx_HAL_Driver/Src/stm32f7xx_hal_i2c.o
LOAD ./Drivers/STM32F7xx_HAL_Driver/Src/stm32f7xx_hal_i2c_ex.o
LOAD ./Drivers/STM32F7xx_HAL_Driver/Src/stm32f7xx_hal_pwr.o
LOAD ./Drivers/STM32F7xx_HAL_Driver/Src/stm32f7xx_hal_pwr_ex.o
LOAD ./Drivers/STM32F7xx_HAL_Driver/Src/stm32f7xx_hal_rcc.o
LOAD ./Drivers/STM32F7xx_HAL_Driver/Src/stm32f7xx_hal_rcc_ex.o
LOAD ./Drivers/STM32F7xx_HAL_Driver/Src/stm32f7xx_hal_spi.o
LOAD ./Drivers/STM32F7xx_HAL_Driver/Src/stm32f7xx_hal_spi_ex.o
LOAD ./Drivers/STM32F7xx_HAL_Driver/Src/stm32f7xx_hal_tim.o
LOAD ./Drivers/STM32F7xx_HAL_Driver/Src/stm32f7xx_hal_tim_ex.o
LOAD ./Drivers/STM32F7xx_HAL_Driver/Src/stm32f7xx_hal_uart.o
LOAD ./Drivers/STM32F7xx_HAL_Driver/Src/stm32f7xx_hal_uart_ex.o
LOAD ./FreeRTOS-Kernel/croutine.o
LOAD ./FreeRTOS-Kernel/event_groups.o
LOAD ./FreeRTOS-Kernel/list.o
LOAD ./FreeRTOS-Kernel/queue.o
LOAD ./FreeRTOS-Kernel/stream_buffer.o
LOAD ./FreeRTOS-Kernel/tasks.o
LOAD ./FreeRTOS-Kernel/timers.o
LOAD ./FreeRTOS-Kernel/portable/Common/mpu_wrappers.o
LOAD ./FreeRTOS-Kernel/portable/Common/mpu_wrappers_v2.o
LOAD ./FreeRTOS-Kernel/portable/GCC/ARM_CM7/r0p1/port.o
START GROUP
LOAD /opt/st/stm32cubeide_1.18.0/plugins/com.st.stm32cube.ide.mcu.externaltools.gnu-tools-for-stm32.13.3.rel1.linux64_1.0.0.202410170706/tools/bin/../lib/gcc/arm-none-eabi/13.3.1/../../../../arm-none-eabi/lib/thumb/v7e-m+fp/hard/libc_nano.a
LOAD /opt/st/stm32cubeide_1.18.0/plugins/com.st.stm32cube.ide.mcu.externaltools.gnu-tools-for-stm32.13.3.rel1.linux64_1.0.0.202410170706/tools/bin/../lib/gcc/arm-none-eabi/13.3.1/../../../../arm-none-eabi/lib/thumb/v7e-m+fp/hard/libm.a
END GROUP
START GROUP
LOAD /opt/st/stm32cubeide_1.18.0/plugins/com.st.stm32cube.ide.mcu.externaltools.gnu-tools-for-stm32.13.3.rel1.linux64_1.0.0.202410170706/tools/bin/../lib/gcc/arm-none-eabi/13.3.1/thumb/v7e-m+fp/hard/libgcc.a
LOAD /opt/st/stm32cubeide_1.18.0/plugins/com.st.stm32cube.ide.mcu.externaltools.gnu-tools-for-stm32.13.3.rel1.linux64_1.0.0.202410170706/tools/bin/../lib/gcc/arm-none-eabi/13.3.1/../../../../arm-none-eabi/lib/thumb/v7e-m+fp/hard/libc_nano.a
END GROUP
START GROUP
LOAD /opt/st/stm32cubeide_1.18.0/plugins/com.st.stm32cube.ide.mcu.externaltools.gnu-tools-for-stm32.13.3.rel1.linux64_1.0.0.202410170706/tools/bin/../lib/gcc/arm-none-eabi/13.3.1/thumb/v7e-m+fp/hard/libgcc.a
LOAD /opt/st/stm32cubeide_1.18.0/plugins/com.st.stm32cube.ide.mcu.externaltools.gnu-tools-for-stm32.13.3.rel1.linux64_1.0.0.202410170706/tools/bin/../lib/gcc/arm-none-eabi/13.3.1/../../../../arm-none-eabi/lib/thumb/v7e-m+fp/hard/libc_nano.a
LOAD /opt/st/stm32cubeide_1.18.0/plugins/com.st.stm32cube.ide.mcu.externaltools.gnu-tools-for-stm32.13.3.rel1.linux64_1.0.0.202410170706/tools/bin/../lib/gcc/arm-none-eabi/13.3.1/../../../../arm-none-eabi/lib/thumb/v7e-m+fp/hard/libnosys.a
END GROUP
START GROUP
LOAD /opt/st/stm32cubeide_1.18.0/plugins/com.st.stm32cube.ide.mcu.externaltools.gnu-tools-for-stm32.13.3.rel1.linux64_1.0.0.202410170706/tools/bin/../lib/gcc/arm-none-eabi/13.3.1/thumb/v7e-m+fp/hard/libgcc.a
LOAD /opt/st/stm32cubeide_1.18.0/plugins/com.st.stm32cube.ide.mcu.externaltools.gnu-tools-for-stm32.13.3.rel1.linux64_1.0.0.202410170706/tools/bin/../lib/gcc/arm-none-eabi/13.3.1/../../../../arm-none-eabi/lib/thumb/v7e-m+fp/hard/libc_nano.a
LOAD /opt/st/stm32cubeide_1.18.0/plugins/com.st.stm32cube.ide.mcu.externaltools.gnu-tools-for-stm32.13.3.rel1.linux64_1.0.0.202410170706/tools/bin/../lib/gcc/arm-none-eabi/13.3.1/../../../../arm-none-eabi/lib/thumb/v7e-m+fp/hard/libnosys.a
END GROUP
LOAD /opt/st/stm32cubeide_1.18.0/plugins/com.st.stm32cube.ide.mcu.externaltools.gnu-tools-for-stm32.13.3.rel1.linux64_1.0.0.202410170706/tools/bin/../lib/gcc/arm-none-eabi/13.3.1/thumb/v7e-m+fp/hard/crtend.o
LOAD /opt/st/stm32cubeide_1.18.0/plugins/com.st.stm32cube.ide.mcu.externaltools.gnu-tools-for-stm32.13.3.rel1.linux64_1.0.0.202410170706/tools/bin/../lib/gcc/arm-none-eabi/13.3.1/thumb/v7e-m+fp/hard/crtn.o
                0x20050000                        _estack = (ORIGIN (RAM) + LENGTH (RAM))
                0x00028000                        _Min_Heap_Size = 0x28000
                0x00010000                        _Min_Stack_Size = 0x10000

.isr_vector     0x08000000      0x1c8
                0x08000000                        . = ALIGN (0x4)
 *(.isr_vector)
 .isr_vector    0x08000000      0x1c8 ./Core/Startup/startup_stm32f746zgtx.o
                0x08000000                g_pfnVectors
                0x080001c8                        . = ALIGN (0x4)

.text           0x080001d0    0x120c0
                0x080001d0                        . = ALIGN (0x4)
 *(.text)
 .text          0x080001d0       0x40 /opt/st/stm32cubeide_1.18.0/plugins/com.st.stm32cube.ide.mcu.externaltools.gnu-tools-for-stm32.13.3.rel1.linux64_1.0.0.202410170706/tools/bin/../lib/gcc/arm-none-eabi/13.3.1/thumb/v7e-m+fp/hard/crtbegin.o
 .text          0x08000210       0x14 /opt/st/stm32cubeide_1.18.0/plugins/com.st.stm32cube.ide.mcu.externaltools.gnu-tools-for-stm32.13.3.rel1.linux64_1.0.0.202410170706/tools/bin/../lib/gcc/arm-none-eabi/13.3.1/../../../../arm-none-eabi/lib/thumb/v7e-m+fp/hard/libc_nano.a(libc_a-strcmp.o)
                0x08000210                strcmp
 *fill*         0x08000224        0xc 
 .text          0x08000230       0xa0 /opt/st/stm32cubeide_1.18.0/plugins/com.st.stm32cube.ide.mcu.externaltools.gnu-tools-for-stm32.13.3.rel1.linux64_1.0.0.202410170706/tools/bin/../lib/gcc/arm-none-eabi/13.3.1/../../../../arm-none-eabi/lib/thumb/v7e-m+fp/hard/libc_nano.a(libc_a-memchr.o)
                0x08000230                memchr
 .text          0x080002d0       0x10 /opt/st/stm32cubeide_1.18.0/plugins/com.st.stm32cube.ide.mcu.externaltools.gnu-tools-for-stm32.13.3.rel1.linux64_1.0.0.202410170706/tools/bin/../lib/gcc/arm-none-eabi/13.3.1/../../../../arm-none-eabi/lib/thumb/v7e-m+fp/hard/libc_nano.a(libc_a-strlen.o)
                0x080002d0                strlen
 .text          0x080002e0      0x378 /opt/st/stm32cubeide_1.18.0/plugins/com.st.stm32cube.ide.mcu.externaltools.gnu-tools-for-stm32.13.3.rel1.linux64_1.0.0.202410170706/tools/bin/../lib/gcc/arm-none-eabi/13.3.1/thumb/v7e-m+fp/hard/libgcc.a(_arm_addsubdf3.o)
                0x080002e0                __aeabi_drsub
                0x080002e8                __aeabi_dsub
                0x080002e8                __subdf3
                0x080002ec                __adddf3
                0x080002ec                __aeabi_dadd
                0x08000564                __aeabi_ui2d
                0x08000564                __floatunsidf
                0x08000584                __floatsidf
                0x08000584                __aeabi_i2d
                0x080005a8                __extendsfdf2
                0x080005a8                __aeabi_f2d
                0x080005ec                __aeabi_ul2d
                0x080005ec                __floatundidf
                0x080005fc                __floatdidf
                0x080005fc                __aeabi_l2d
 .text          0x08000658      0x424 /opt/st/stm32cubeide_1.18.0/plugins/com.st.stm32cube.ide.mcu.externaltools.gnu-tools-for-stm32.13.3.rel1.linux64_1.0.0.202410170706/tools/bin/../lib/gcc/arm-none-eabi/13.3.1/thumb/v7e-m+fp/hard/libgcc.a(_arm_muldivdf3.o)
                0x08000658                __aeabi_dmul
                0x08000658                __muldf3
                0x080008ac                __aeabi_ddiv
                0x080008ac                __divdf3
 .text          0x08000a7c      0x110 /opt/st/stm32cubeide_1.18.0/plugins/com.st.stm32cube.ide.mcu.externaltools.gnu-tools-for-stm32.13.3.rel1.linux64_1.0.0.202410170706/tools/bin/../lib/gcc/arm-none-eabi/13.3.1/thumb/v7e-m+fp/hard/libgcc.a(_arm_cmpdf2.o)
                0x08000a7c                __gtdf2
                0x08000a7c                __gedf2
                0x08000a84                __ltdf2
                0x08000a84                __ledf2
                0x08000a8c                __cmpdf2
                0x08000a8c                __eqdf2
                0x08000a8c                __nedf2
                0x08000b08                __aeabi_cdrcmple
                0x08000b18                __aeabi_cdcmple
                0x08000b18                __aeabi_cdcmpeq
                0x08000b28                __aeabi_dcmpeq
                0x08000b3c                __aeabi_dcmplt
                0x08000b50                __aeabi_dcmple
                0x08000b64                __aeabi_dcmpge
                0x08000b78                __aeabi_dcmpgt
 .text          0x08000b8c       0x2c /opt/st/stm32cubeide_1.18.0/plugins/com.st.stm32cube.ide.mcu.externaltools.gnu-tools-for-stm32.13.3.rel1.linux64_1.0.0.202410170706/tools/bin/../lib/gcc/arm-none-eabi/13.3.1/thumb/v7e-m+fp/hard/libgcc.a(_arm_unorddf2.o)
                0x08000b8c                __aeabi_dcmpun
                0x08000b8c                __unorddf2
 .text          0x08000bb8       0x50 /opt/st/stm32cubeide_1.18.0/plugins/com.st.stm32cube.ide.mcu.externaltools.gnu-tools-for-stm32.13.3.rel1.linux64_1.0.0.202410170706/tools/bin/../lib/gcc/arm-none-eabi/13.3.1/thumb/v7e-m+fp/hard/libgcc.a(_arm_fixdfsi.o)
                0x08000bb8                __fixdfsi
                0x08000bb8                __aeabi_d2iz
 .text          0x08000c08       0x40 /opt/st/stm32cubeide_1.18.0/plugins/com.st.stm32cube.ide.mcu.externaltools.gnu-tools-for-stm32.13.3.rel1.linux64_1.0.0.202410170706/tools/bin/../lib/gcc/arm-none-eabi/13.3.1/thumb/v7e-m+fp/hard/libgcc.a(_arm_fixunsdfsi.o)
                0x08000c08                __fixunsdfsi
                0x08000c08                __aeabi_d2uiz
 .text          0x08000c48       0xa0 /opt/st/stm32cubeide_1.18.0/plugins/com.st.stm32cube.ide.mcu.externaltools.gnu-tools-for-stm32.13.3.rel1.linux64_1.0.0.202410170706/tools/bin/../lib/gcc/arm-none-eabi/13.3.1/thumb/v7e-m+fp/hard/libgcc.a(_arm_truncdfsf2.o)
                0x08000c48                __aeabi_d2f
                0x08000c48                __truncdfsf2
 .text          0x08000ce8       0x30 /opt/st/stm32cubeide_1.18.0/plugins/com.st.stm32cube.ide.mcu.externaltools.gnu-tools-for-stm32.13.3.rel1.linux64_1.0.0.202410170706/tools/bin/../lib/gcc/arm-none-eabi/13.3.1/thumb/v7e-m+fp/hard/libgcc.a(_aeabi_uldivmod.o)
                0x08000ce8                __aeabi_uldivmod
 .text          0x08000d18       0x30 /opt/st/stm32cubeide_1.18.0/plugins/com.st.stm32cube.ide.mcu.externaltools.gnu-tools-for-stm32.13.3.rel1.linux64_1.0.0.202410170706/tools/bin/../lib/gcc/arm-none-eabi/13.3.1/thumb/v7e-m+fp/hard/libgcc.a(_fixdfdi.o)
                0x08000d18                __aeabi_d2lz
                0x08000d18                __fixdfdi
 .text          0x08000d48       0x3c /opt/st/stm32cubeide_1.18.0/plugins/com.st.stm32cube.ide.mcu.externaltools.gnu-tools-for-stm32.13.3.rel1.linux64_1.0.0.202410170706/tools/bin/../lib/gcc/arm-none-eabi/13.3.1/thumb/v7e-m+fp/hard/libgcc.a(_fixunsdfdi.o)
                0x08000d48                __aeabi_d2ulz
                0x08000d48                __fixunsdfdi
 .text          0x08000d84      0x2f8 /opt/st/stm32cubeide_1.18.0/plugins/com.st.stm32cube.ide.mcu.externaltools.gnu-tools-for-stm32.13.3.rel1.linux64_1.0.0.202410170706/tools/bin/../lib/gcc/arm-none-eabi/13.3.1/thumb/v7e-m+fp/hard/libgcc.a(_udivmoddi4.o)
                0x08000d84                __udivmoddi4
 .text          0x0800107c        0x4 /opt/st/stm32cubeide_1.18.0/plugins/com.st.stm32cube.ide.mcu.externaltools.gnu-tools-for-stm32.13.3.rel1.linux64_1.0.0.202410170706/tools/bin/../lib/gcc/arm-none-eabi/13.3.1/thumb/v7e-m+fp/hard/libgcc.a(_dvmd_tls.o)
                0x0800107c                __aeabi_ldiv0
                0x0800107c                __aeabi_idiv0
 *(.text*)
 .text.__NVIC_SystemReset
                0x08001080       0x2c ./Core/Src/Console/Console.o
 .text.ControlSequenceParserConsume
                0x080010ac      0x288 ./Core/Src/Console/Console.o
                0x080010ac                ControlSequenceParserConsume
 .text.ProcessCommand
                0x08001334      0x3a0 ./Core/Src/Console/Console.o
 .text.TransformAndProcessTheCommand
                0x080016d4      0x290 ./Core/Src/Console/Console.o
 .text.PrintConsoleControl
                0x08001964       0x58 ./Core/Src/Console/Console.o
 .text.ConsoleIsArrowLeft
                0x080019bc       0x38 ./Core/Src/Console/Console.o
 .text.ConsoleIsArrowRight
                0x080019f4       0x38 ./Core/Src/Console/Console.o
 .text.ConsoleIsArrowUp
                0x08001a2c       0x38 ./Core/Src/Console/Console.o
 .text.ConsoleIsArrowDown
                0x08001a64       0x38 ./Core/Src/Console/Console.o
 .text.ConsoleIsEntf
                0x08001a9c       0x44 ./Core/Src/Console/Console.o
 .text.PrintConsoleArrowLeft
                0x08001ae0       0x2c ./Core/Src/Console/Console.o
 .text.CONSOLE_RedirectStreams
                0x08001b0c      0x128 ./Core/Src/Console/Console.o
                0x08001b0c                CONSOLE_RedirectStreams
 .text.ConsoleFunction
                0x08001c34      0x984 ./Core/Src/Console/Console.o
 .text.ConsolePrintHelp
                0x080025b8      0x130 ./Core/Src/Console/Console.o
 .text.ConsoleExecReset
                0x080026e8       0x10 ./Core/Src/Console/Console.o
 .text.ConsolePrintKernelTicks
                0x080026f8       0x28 ./Core/Src/Console/Console.o
 .text.ConsolePrintTaskStats
                0x08002720      0x25c ./Core/Src/Console/Console.o
 .text.ConsolePrintKernelVersion
                0x0800297c       0x2c ./Core/Src/Console/Console.o
 .text.ConsoleWhoAmI
                0x080029a8       0x40 ./Core/Src/Console/Console.o
 .text.ConsoleExit
                0x080029e8       0x24 ./Core/Src/Console/Console.o
 .text.ConsoleMallInfo
                0x08002a0c       0x6c ./Core/Src/Console/Console.o
 .text.ConsoleGetEnv
                0x08002a78       0x6c ./Core/Src/Console/Console.o
 .text.ConsoleSetEnv
                0x08002ae4       0x68 ./Core/Src/Console/Console.o
 .text.ConsoleAliasConfig
                0x08002b4c      0x18c ./Core/Src/Console/Console.o
 .text.ConsoleRegisterBasicCommands
                0x08002cd8      0x144 ./Core/Src/Console/Console.o
 .text.CONSOLE_CreateInstance
                0x08002e1c       0xf8 ./Core/Src/Console/Console.o
                0x08002e1c                CONSOLE_CreateInstance
 .text.CONSOLE_RegisterCommand
                0x08002f14      0x19e ./Core/Src/Console/Console.o
                0x08002f14                CONSOLE_RegisterCommand
 .text.CONSOLE_RegisterAlias
                0x080030b2      0x192 ./Core/Src/Console/Console.o
                0x080030b2                CONSOLE_RegisterAlias
 .text.CONSOLE_RemoveAliasOrCommand
                0x08003244       0xf0 ./Core/Src/Console/Console.o
                0x08003244                CONSOLE_RemoveAliasOrCommand
 .text.GetCommandEvent
                0x08003334       0x68 ./Core/Src/Spindle/Spindle.o
 .text.ReleaseCommandEvent
                0x0800339c       0x60 ./Core/Src/Spindle/Spindle.o
 .text.SpindleConsoleFunction
                0x080033fc      0x18c ./Core/Src/Spindle/Spindle.o
                0x080033fc                SpindleConsoleFunction
 .text.vApplicationMallocFailedHook
                0x08003588       0x24 ./Core/Src/main.o
                0x08003588                vApplicationMallocFailedHook
 .text.vApplicationStackOverflowHook
                0x080035ac       0x28 ./Core/Src/main.o
                0x080035ac                vApplicationStackOverflowHook
 .text.CapabilityFunc
                0x080035d4       0x88 ./Core/Src/main.o
 .text.main     0x0800365c       0x2c ./Core/Src/main.o
                0x0800365c                main
 .text.initConsole
                0x08003688       0x98 ./Core/Src/main.o
                0x08003688                initConsole
 .text.SystemClock_Config
                0x08003720       0xcc ./Core/Src/main.o
                0x08003720                SystemClock_Config
 .text.MX_SPI1_Init
                0x080037ec       0x7c ./Core/Src/main.o
 .text.MX_TIM2_Init
                0x08003868      0x104 ./Core/Src/main.o
 .text.MX_USART3_UART_Init
                0x0800396c       0x60 ./Core/Src/main.o
 .text.MX_GPIO_Init
                0x080039cc      0x238 ./Core/Src/main.o
 .text.vAssertCalled
                0x08003c04       0x26 ./Core/Src/main.o
                0x08003c04                vAssertCalled
 *fill*         0x08003c2a        0x2 
 .text.__stdout_put_char
                0x08003c2c       0x48 ./Core/Src/main.o
                0x08003c2c                __stdout_put_char
 .text.__stdin_get_char
                0x08003c74       0x70 ./Core/Src/main.o
                0x08003c74                __stdin_get_char
 .text.MPU_Config
                0x08003ce4       0x7e ./Core/Src/main.o
 .text.Error_Handler
                0x08003d62        0xc ./Core/Src/main.o
                0x08003d62                Error_Handler
 *fill*         0x08003d6e        0x2 
 .text.assert_failed
                0x08003d70       0x38 ./Core/Src/main.o
                0x08003d70                assert_failed
 .text.initialise_monitor_handles
                0x08003da8        0xe ./Core/Src/newlib_abs.o
                0x08003da8                initialise_monitor_handles
 *fill*         0x08003db6        0x2 
 .text.initialise_stdlib_abstraction
                0x08003db8       0x78 ./Core/Src/newlib_abs.o
                0x08003db8                initialise_stdlib_abstraction
 .text._getpid  0x08003e30       0x10 ./Core/Src/newlib_abs.o
                0x08003e30                _getpid
 .text._kill    0x08003e40       0x34 ./Core/Src/newlib_abs.o
                0x08003e40                _kill
 .text._exit    0x08003e74       0x16 ./Core/Src/newlib_abs.o
                0x08003e74                _exit
 *fill*         0x08003e8a        0x2 
 .text._read    0x08003e8c       0x8c ./Core/Src/newlib_abs.o
                0x08003e8c                _read
 .text._write   0x08003f18       0xe0 ./Core/Src/newlib_abs.o
                0x08003f18                _write
 .text._close   0x08003ff8       0x18 ./Core/Src/newlib_abs.o
                0x08003ff8                _close
 .text._fstat   0x08004010       0x4e ./Core/Src/newlib_abs.o
                0x08004010                _fstat
 .text._isatty  0x0800405e       0x26 ./Core/Src/newlib_abs.o
                0x0800405e                _isatty
 .text._lseek   0x08004084       0x1a ./Core/Src/newlib_abs.o
                0x08004084                _lseek
 *fill*         0x0800409e        0x2 
 .text._sbrk_r  0x080040a0      0x108 ./Core/Src/newlib_abs.o
                0x080040a0                _sbrk_r
 .text.__malloc_lock
                0x080041a8       0x74 ./Core/Src/newlib_abs.o
                0x080041a8                __malloc_lock
 .text.__malloc_unlock
                0x0800421c       0x28 ./Core/Src/newlib_abs.o
                0x0800421c                __malloc_unlock
 .text.__env_lock
                0x08004244       0x70 ./Core/Src/newlib_abs.o
                0x08004244                __env_lock
 .text.__env_unlock
                0x080042b4       0x20 ./Core/Src/newlib_abs.o
                0x080042b4                __env_unlock
 .text.pvPortMalloc
                0x080042d4       0x1c ./Core/Src/newlib_abs.o
                0x080042d4                pvPortMalloc
 .text.vPortFree
                0x080042f0       0x16 ./Core/Src/newlib_abs.o
                0x080042f0                vPortFree
 *fill*         0x08004306        0x2 
 .text.xPortGetFreeHeapSize
                0x08004308       0x48 ./Core/Src/newlib_abs.o
                0x08004308                xPortGetFreeHeapSize
 .text.HAL_MspInit
                0x08004350       0x48 ./Core/Src/stm32f7xx_hal_msp.o
                0x08004350                HAL_MspInit
 .text.HAL_SPI_MspInit
                0x08004398       0x98 ./Core/Src/stm32f7xx_hal_msp.o
                0x08004398                HAL_SPI_MspInit
 .text.HAL_TIM_Base_MspInit
                0x08004430       0x3c ./Core/Src/stm32f7xx_hal_msp.o
                0x08004430                HAL_TIM_Base_MspInit
 .text.HAL_TIM_MspPostInit
                0x0800446c       0x6c ./Core/Src/stm32f7xx_hal_msp.o
                0x0800446c                HAL_TIM_MspPostInit
 .text.HAL_UART_MspInit
                0x080044d8       0xc0 ./Core/Src/stm32f7xx_hal_msp.o
                0x080044d8                HAL_UART_MspInit
 .text.NMI_Handler
                0x08004598        0x8 ./Core/Src/stm32f7xx_it.o
                0x08004598                NMI_Handler
 .text.HardFault_Handler
                0x080045a0        0x8 ./Core/Src/stm32f7xx_it.o
                0x080045a0                HardFault_Handler
 .text.MemManage_Handler
                0x080045a8        0x8 ./Core/Src/stm32f7xx_it.o
                0x080045a8                MemManage_Handler
 .text.BusFault_Handler
                0x080045b0        0x8 ./Core/Src/stm32f7xx_it.o
                0x080045b0                BusFault_Handler
 .text.UsageFault_Handler
                0x080045b8        0x8 ./Core/Src/stm32f7xx_it.o
                0x080045b8                UsageFault_Handler
 .text.DebugMon_Handler
                0x080045c0        0xe ./Core/Src/stm32f7xx_it.o
                0x080045c0                DebugMon_Handler
 .text.SysTick_Handler
                0x080045ce       0x10 ./Core/Src/stm32f7xx_it.o
                0x080045ce                SysTick_Handler
 *fill*         0x080045de        0x2 
 .text.SPI1_IRQHandler
                0x080045e0       0x14 ./Core/Src/stm32f7xx_it.o
                0x080045e0                SPI1_IRQHandler
 .text.SystemInit
                0x080045f4       0x24 ./Core/Src/system_stm32f7xx.o
                0x080045f4                SystemInit
 .text.Reset_Handler
                0x08004618       0x50 ./Core/Startup/startup_stm32f746zgtx.o
                0x08004618                Reset_Handler
 .text.Default_Handler
                0x08004668        0x2 ./Core/Startup/startup_stm32f746zgtx.o
                0x08004668                RTC_Alarm_IRQHandler
                0x08004668                EXTI2_IRQHandler
                0x08004668                TIM8_CC_IRQHandler
                0x08004668                UART8_IRQHandler
                0x08004668                SPI4_IRQHandler
                0x08004668                TIM1_CC_IRQHandler
                0x08004668                DMA2_Stream5_IRQHandler
                0x08004668                DMA1_Stream5_IRQHandler
                0x08004668                PVD_IRQHandler
                0x08004668                TAMP_STAMP_IRQHandler
                0x08004668                CAN2_RX1_IRQHandler
                0x08004668                EXTI3_IRQHandler
                0x08004668                TIM8_TRG_COM_TIM14_IRQHandler
                0x08004668                TIM1_UP_TIM10_IRQHandler
                0x08004668                TIM8_UP_TIM13_IRQHandler
                0x08004668                I2C3_ER_IRQHandler
                0x08004668                EXTI0_IRQHandler
                0x08004668                I2C2_EV_IRQHandler
                0x08004668                DMA1_Stream2_IRQHandler
                0x08004668                CAN1_RX0_IRQHandler
                0x08004668                FPU_IRQHandler
                0x08004668                OTG_HS_WKUP_IRQHandler
                0x08004668                LTDC_ER_IRQHandler
                0x08004668                CAN2_SCE_IRQHandler
                0x08004668                DMA2_Stream2_IRQHandler
                0x08004668                TIM6_DAC_IRQHandler
                0x08004668                TIM1_BRK_TIM9_IRQHandler
                0x08004668                DCMI_IRQHandler
                0x08004668                CAN2_RX0_IRQHandler
                0x08004668                DMA2_Stream3_IRQHandler
                0x08004668                SAI2_IRQHandler
                0x08004668                USART6_IRQHandler
                0x08004668                USART3_IRQHandler
                0x08004668                CAN1_RX1_IRQHandler
                0x08004668                UART5_IRQHandler
                0x08004668                DMA2_Stream0_IRQHandler
                0x08004668                TIM4_IRQHandler
                0x08004668                QUADSPI_IRQHandler
                0x08004668                I2C1_EV_IRQHandler
                0x08004668                DMA1_Stream6_IRQHandler
                0x08004668                DMA1_Stream1_IRQHandler
                0x08004668                UART4_IRQHandler
                0x08004668                TIM3_IRQHandler
                0x08004668                RCC_IRQHandler
                0x08004668                TIM8_BRK_TIM12_IRQHandler
                0x08004668                Default_Handler
                0x08004668                CEC_IRQHandler
                0x08004668                EXTI15_10_IRQHandler
                0x08004668                ADC_IRQHandler
                0x08004668                DMA1_Stream7_IRQHandler
                0x08004668                SPI5_IRQHandler
                0x08004668                TIM7_IRQHandler
                0x08004668                SDMMC1_IRQHandler
                0x08004668                CAN2_TX_IRQHandler
                0x08004668                TIM5_IRQHandler
                0x08004668                DMA2_Stream7_IRQHandler
                0x08004668                I2C3_EV_IRQHandler
                0x08004668                EXTI9_5_IRQHandler
                0x08004668                RTC_WKUP_IRQHandler
                0x08004668                LTDC_IRQHandler
                0x08004668                ETH_WKUP_IRQHandler
                0x08004668                SPDIF_RX_IRQHandler
                0x08004668                SPI2_IRQHandler
                0x08004668                OTG_HS_EP1_IN_IRQHandler
                0x08004668                DMA1_Stream0_IRQHandler
                0x08004668                CAN1_TX_IRQHandler
                0x08004668                EXTI4_IRQHandler
                0x08004668                RNG_IRQHandler
                0x08004668                ETH_IRQHandler
                0x08004668                OTG_HS_EP1_OUT_IRQHandler
                0x08004668                WWDG_IRQHandler
                0x08004668                SPI6_IRQHandler
                0x08004668                I2C4_EV_IRQHandler
                0x08004668                TIM2_IRQHandler
                0x08004668                OTG_FS_WKUP_IRQHandler
                0x08004668                TIM1_TRG_COM_TIM11_IRQHandler
                0x08004668                OTG_HS_IRQHandler
                0x08004668                DMA2D_IRQHandler
                0x08004668                EXTI1_IRQHandler
                0x08004668                UART7_IRQHandler
                0x08004668                USART2_IRQHandler
                0x08004668                I2C2_ER_IRQHandler
                0x08004668                DMA2_Stream1_IRQHandler
                0x08004668                CAN1_SCE_IRQHandler
                0x08004668                FLASH_IRQHandler
                0x08004668                DMA2_Stream4_IRQHandler
                0x08004668                USART1_IRQHandler
                0x08004668                OTG_FS_IRQHandler
                0x08004668                SPI3_IRQHandler
                0x08004668                DMA1_Stream4_IRQHandler
                0x08004668                I2C1_ER_IRQHandler
                0x08004668                FMC_IRQHandler
                0x08004668                LPTIM1_IRQHandler
                0x08004668                I2C4_ER_IRQHandler
                0x08004668                DMA2_Stream6_IRQHandler
                0x08004668                SAI1_IRQHandler
                0x08004668                DMA1_Stream3_IRQHandler
 .text.HAL_Init
                0x0800466a       0x1a ./Drivers/STM32F7xx_HAL_Driver/Src/stm32f7xx_hal.o
                0x0800466a                HAL_Init
 .text.HAL_InitTick
                0x08004684       0x60 ./Drivers/STM32F7xx_HAL_Driver/Src/stm32f7xx_hal.o
                0x08004684                HAL_InitTick
 .text.HAL_IncTick
                0x080046e4       0x28 ./Drivers/STM32F7xx_HAL_Driver/Src/stm32f7xx_hal.o
                0x080046e4                HAL_IncTick
 .text.HAL_GetTick
                0x0800470c       0x18 ./Drivers/STM32F7xx_HAL_Driver/Src/stm32f7xx_hal.o
                0x0800470c                HAL_GetTick
 .text.__NVIC_SetPriorityGrouping
                0x08004724       0x48 ./Drivers/STM32F7xx_HAL_Driver/Src/stm32f7xx_hal_cortex.o
 .text.__NVIC_GetPriorityGrouping
                0x0800476c       0x1c ./Drivers/STM32F7xx_HAL_Driver/Src/stm32f7xx_hal_cortex.o
 .text.__NVIC_EnableIRQ
                0x08004788       0x3c ./Drivers/STM32F7xx_HAL_Driver/Src/stm32f7xx_hal_cortex.o
 .text.__NVIC_SetPriority
                0x080047c4       0x54 ./Drivers/STM32F7xx_HAL_Driver/Src/stm32f7xx_hal_cortex.o
 .text.NVIC_EncodePriority
                0x08004818       0x66 ./Drivers/STM32F7xx_HAL_Driver/Src/stm32f7xx_hal_cortex.o
 *fill*         0x0800487e        0x2 
 .text.SysTick_Config
                0x08004880       0x44 ./Drivers/STM32F7xx_HAL_Driver/Src/stm32f7xx_hal_cortex.o
 .text.HAL_NVIC_SetPriorityGrouping
                0x080048c4       0x40 ./Drivers/STM32F7xx_HAL_Driver/Src/stm32f7xx_hal_cortex.o
                0x080048c4                HAL_NVIC_SetPriorityGrouping
 .text.HAL_NVIC_SetPriority
                0x08004904       0x58 ./Drivers/STM32F7xx_HAL_Driver/Src/stm32f7xx_hal_cortex.o
                0x08004904                HAL_NVIC_SetPriority
 .text.HAL_NVIC_EnableIRQ
                0x0800495c       0x30 ./Drivers/STM32F7xx_HAL_Driver/Src/stm32f7xx_hal_cortex.o
                0x0800495c                HAL_NVIC_EnableIRQ
 .text.HAL_SYSTICK_Config
                0x0800498c       0x18 ./Drivers/STM32F7xx_HAL_Driver/Src/stm32f7xx_hal_cortex.o
                0x0800498c                HAL_SYSTICK_Config
 .text.HAL_MPU_Disable
                0x080049a4       0x30 ./Drivers/STM32F7xx_HAL_Driver/Src/stm32f7xx_hal_cortex.o
                0x080049a4                HAL_MPU_Disable
 .text.HAL_MPU_Enable
                0x080049d4       0x40 ./Drivers/STM32F7xx_HAL_Driver/Src/stm32f7xx_hal_cortex.o
                0x080049d4                HAL_MPU_Enable
 .text.HAL_MPU_ConfigRegion
                0x08004a14      0x2ac ./Drivers/STM32F7xx_HAL_Driver/Src/stm32f7xx_hal_cortex.o
                0x08004a14                HAL_MPU_ConfigRegion
 .text.HAL_DMA_Abort_IT
                0x08004cc0       0x44 ./Drivers/STM32F7xx_HAL_Driver/Src/stm32f7xx_hal_dma.o
                0x08004cc0                HAL_DMA_Abort_IT
 .text.HAL_GPIO_Init
                0x08004d04      0x6e0 ./Drivers/STM32F7xx_HAL_Driver/Src/stm32f7xx_hal_gpio.o
                0x08004d04                HAL_GPIO_Init
 .text.HAL_GPIO_WritePin
                0x080053e4       0x58 ./Drivers/STM32F7xx_HAL_Driver/Src/stm32f7xx_hal_gpio.o
                0x080053e4                HAL_GPIO_WritePin
 .text.HAL_RCC_OscConfig
                0x0800543c      0x6b4 ./Drivers/STM32F7xx_HAL_Driver/Src/stm32f7xx_hal_rcc.o
                0x0800543c                HAL_RCC_OscConfig
 .text.HAL_RCC_ClockConfig
                0x08005af0      0x350 ./Drivers/STM32F7xx_HAL_Driver/Src/stm32f7xx_hal_rcc.o
                0x08005af0                HAL_RCC_ClockConfig
 .text.HAL_RCC_GetSysClockFreq
                0x08005e40      0x18c ./Drivers/STM32F7xx_HAL_Driver/Src/stm32f7xx_hal_rcc.o
                0x08005e40                HAL_RCC_GetSysClockFreq
 .text.HAL_RCC_GetHCLKFreq
                0x08005fcc       0x18 ./Drivers/STM32F7xx_HAL_Driver/Src/stm32f7xx_hal_rcc.o
                0x08005fcc                HAL_RCC_GetHCLKFreq
 .text.HAL_RCC_GetPCLK1Freq
                0x08005fe4       0x28 ./Drivers/STM32F7xx_HAL_Driver/Src/stm32f7xx_hal_rcc.o
                0x08005fe4                HAL_RCC_GetPCLK1Freq
 .text.HAL_RCC_GetPCLK2Freq
                0x0800600c       0x28 ./Drivers/STM32F7xx_HAL_Driver/Src/stm32f7xx_hal_rcc.o
                0x0800600c                HAL_RCC_GetPCLK2Freq
 .text.HAL_RCCEx_PeriphCLKConfig
                0x08006034      0xfc8 ./Drivers/STM32F7xx_HAL_Driver/Src/stm32f7xx_hal_rcc_ex.o
                0x08006034                HAL_RCCEx_PeriphCLKConfig
 .text.HAL_SPI_Init
                0x08006ffc      0x418 ./Drivers/STM32F7xx_HAL_Driver/Src/stm32f7xx_hal_spi.o
                0x08006ffc                HAL_SPI_Init
 .text.HAL_SPI_IRQHandler
                0x08007414      0x200 ./Drivers/STM32F7xx_HAL_Driver/Src/stm32f7xx_hal_spi.o
                0x08007414                HAL_SPI_IRQHandler
 .text.HAL_SPI_ErrorCallback
                0x08007614       0x14 ./Drivers/STM32F7xx_HAL_Driver/Src/stm32f7xx_hal_spi.o
                0x08007614                HAL_SPI_ErrorCallback
 .text.SPI_DMAAbortOnError
                0x08007628       0x2a ./Drivers/STM32F7xx_HAL_Driver/Src/stm32f7xx_hal_spi.o
 *fill*         0x08007652        0x2 
 .text.HAL_TIM_Base_Init
                0x08007654      0x240 ./Drivers/STM32F7xx_HAL_Driver/Src/stm32f7xx_hal_tim.o
                0x08007654                HAL_TIM_Base_Init
 .text.HAL_TIM_PWM_Init
                0x08007894      0x240 ./Drivers/STM32F7xx_HAL_Driver/Src/stm32f7xx_hal_tim.o
                0x08007894                HAL_TIM_PWM_Init
 .text.HAL_TIM_PWM_MspInit
                0x08007ad4       0x14 ./Drivers/STM32F7xx_HAL_Driver/Src/stm32f7xx_hal_tim.o
                0x08007ad4                HAL_TIM_PWM_MspInit
 .text.HAL_TIM_PWM_ConfigChannel
                0x08007ae8      0x4d0 ./Drivers/STM32F7xx_HAL_Driver/Src/stm32f7xx_hal_tim.o
                0x08007ae8                HAL_TIM_PWM_ConfigChannel
 .text.HAL_TIM_ConfigClockSource
                0x08007fb8      0x6a4 ./Drivers/STM32F7xx_HAL_Driver/Src/stm32f7xx_hal_tim.o
                0x08007fb8                HAL_TIM_ConfigClockSource
 .text.TIM_Base_SetConfig
                0x0800865c      0x158 ./Drivers/STM32F7xx_HAL_Driver/Src/stm32f7xx_hal_tim.o
                0x0800865c                TIM_Base_SetConfig
 .text.TIM_OC1_SetConfig
                0x080087b4      0x138 ./Drivers/STM32F7xx_HAL_Driver/Src/stm32f7xx_hal_tim.o
 .text.TIM_OC2_SetConfig
                0x080088ec      0x140 ./Drivers/STM32F7xx_HAL_Driver/Src/stm32f7xx_hal_tim.o
                0x080088ec                TIM_OC2_SetConfig
 .text.TIM_OC3_SetConfig
                0x08008a2c      0x140 ./Drivers/STM32F7xx_HAL_Driver/Src/stm32f7xx_hal_tim.o
 .text.TIM_OC4_SetConfig
                0x08008b6c       0xcc ./Drivers/STM32F7xx_HAL_Driver/Src/stm32f7xx_hal_tim.o
 .text.TIM_OC5_SetConfig
                0x08008c38       0xa4 ./Drivers/STM32F7xx_HAL_Driver/Src/stm32f7xx_hal_tim.o
 .text.TIM_OC6_SetConfig
                0x08008cdc       0xa8 ./Drivers/STM32F7xx_HAL_Driver/Src/stm32f7xx_hal_tim.o
 .text.TIM_TI1_ConfigInputStage
                0x08008d84       0x5e ./Drivers/STM32F7xx_HAL_Driver/Src/stm32f7xx_hal_tim.o
 .text.TIM_TI2_ConfigInputStage
                0x08008de2       0x60 ./Drivers/STM32F7xx_HAL_Driver/Src/stm32f7xx_hal_tim.o
 .text.TIM_ITRx_SetConfig
                0x08008e42       0x36 ./Drivers/STM32F7xx_HAL_Driver/Src/stm32f7xx_hal_tim.o
 .text.TIM_ETR_SetConfig
                0x08008e78       0x40 ./Drivers/STM32F7xx_HAL_Driver/Src/stm32f7xx_hal_tim.o
                0x08008e78                TIM_ETR_SetConfig
 .text.HAL_TIMEx_MasterConfigSynchronization
                0x08008eb8      0x2b0 ./Drivers/STM32F7xx_HAL_Driver/Src/stm32f7xx_hal_tim_ex.o
                0x08008eb8                HAL_TIMEx_MasterConfigSynchronization
 .text.HAL_UART_Init
                0x08009168      0x180 ./Drivers/STM32F7xx_HAL_Driver/Src/stm32f7xx_hal_uart.o
                0x08009168                HAL_UART_Init
 .text.UART_SetConfig
                0x080092e8      0x5ec ./Drivers/STM32F7xx_HAL_Driver/Src/stm32f7xx_hal_uart.o
                0x080092e8                UART_SetConfig
 .text.UART_AdvFeatureConfig
                0x080098d4      0x2b0 ./Drivers/STM32F7xx_HAL_Driver/Src/stm32f7xx_hal_uart.o
                0x080098d4                UART_AdvFeatureConfig
 .text.UART_CheckIdleState
                0x08009b84       0xae ./Drivers/STM32F7xx_HAL_Driver/Src/stm32f7xx_hal_uart.o
                0x08009b84                UART_CheckIdleState
 .text.UART_WaitOnFlagUntilTimeout
                0x08009c32       0xda ./Drivers/STM32F7xx_HAL_Driver/Src/stm32f7xx_hal_uart.o
                0x08009c32                UART_WaitOnFlagUntilTimeout
 .text.UART_EndRxTransfer
                0x08009d0c       0xc8 ./Drivers/STM32F7xx_HAL_Driver/Src/stm32f7xx_hal_uart.o
 .text.vListInitialise
                0x08009dd4       0x40 ./FreeRTOS-Kernel/list.o
                0x08009dd4                vListInitialise
 .text.vListInitialiseItem
                0x08009e14       0x1a ./FreeRTOS-Kernel/list.o
                0x08009e14                vListInitialiseItem
 .text.vListInsertEnd
                0x08009e2e       0x48 ./FreeRTOS-Kernel/list.o
                0x08009e2e                vListInsertEnd
 .text.vListInsert
                0x08009e76       0x72 ./FreeRTOS-Kernel/list.o
                0x08009e76                vListInsert
 .text.uxListRemove
                0x08009ee8       0x54 ./FreeRTOS-Kernel/list.o
                0x08009ee8                uxListRemove
 .text.xQueueGenericReset
                0x08009f3c      0x13c ./FreeRTOS-Kernel/queue.o
                0x08009f3c                xQueueGenericReset
 .text.xQueueGenericCreate
                0x0800a078       0xac ./FreeRTOS-Kernel/queue.o
                0x0800a078                xQueueGenericCreate
 .text.prvInitialiseNewQueue
                0x0800a124       0x46 ./FreeRTOS-Kernel/queue.o
 .text.prvInitialiseMutex
                0x0800a16a       0x34 ./FreeRTOS-Kernel/queue.o
 .text.xQueueCreateMutex
                0x0800a19e       0x30 ./FreeRTOS-Kernel/queue.o
                0x0800a19e                xQueueCreateMutex
 *fill*         0x0800a1ce        0x2 
 .text.xQueueGiveMutexRecursive
                0x0800a1d0       0x78 ./FreeRTOS-Kernel/queue.o
                0x0800a1d0                xQueueGiveMutexRecursive
 .text.xQueueTakeMutexRecursive
                0x0800a248       0x7c ./FreeRTOS-Kernel/queue.o
                0x0800a248                xQueueTakeMutexRecursive
 .text.xQueueGenericSend
                0x0800a2c4      0x230 ./FreeRTOS-Kernel/queue.o
                0x0800a2c4                xQueueGenericSend
 .text.xQueueReceive
                0x0800a4f4      0x1e8 ./FreeRTOS-Kernel/queue.o
                0x0800a4f4                xQueueReceive
 .text.xQueueSemaphoreTake
                0x0800a6dc      0x224 ./FreeRTOS-Kernel/queue.o
                0x0800a6dc                xQueueSemaphoreTake
 .text.vQueueDelete
                0x0800a900       0x48 ./FreeRTOS-Kernel/queue.o
                0x0800a900                vQueueDelete
 .text.prvGetDisinheritPriorityAfterTimeout
                0x0800a948       0x30 ./FreeRTOS-Kernel/queue.o
 .text.prvCopyDataToQueue
                0x0800a978       0xd4 ./FreeRTOS-Kernel/queue.o
 .text.prvCopyDataFromQueue
                0x0800aa4c       0x4c ./FreeRTOS-Kernel/queue.o
 .text.prvUnlockQueue
                0x0800aa98       0xa4 ./FreeRTOS-Kernel/queue.o
 .text.prvIsQueueEmpty
                0x0800ab3c       0x2c ./FreeRTOS-Kernel/queue.o
 .text.prvIsQueueFull
                0x0800ab68       0x30 ./FreeRTOS-Kernel/queue.o
 .text.vQueueWaitForMessageRestricted
                0x0800ab98       0x68 ./FreeRTOS-Kernel/queue.o
                0x0800ab98                vQueueWaitForMessageRestricted
 .text.prvCreateTask
                0x0800ac00       0x78 ./FreeRTOS-Kernel/tasks.o
 .text.xTaskCreate
                0x0800ac78       0x46 ./FreeRTOS-Kernel/tasks.o
                0x0800ac78                xTaskCreate
 *fill*         0x0800acbe        0x2 
 .text.prvInitialiseNewTask
                0x0800acc0      0x16c ./FreeRTOS-Kernel/tasks.o
 .text.prvAddNewTaskToReadyList
                0x0800ae2c      0x130 ./FreeRTOS-Kernel/tasks.o
 .text.vTaskDelete
                0x0800af5c      0x154 ./FreeRTOS-Kernel/tasks.o
                0x0800af5c                vTaskDelete
 .text.vTaskDelay
                0x0800b0b0       0x78 ./FreeRTOS-Kernel/tasks.o
                0x0800b0b0                vTaskDelay
 .text.eTaskGetState
                0x0800b128      0x11c ./FreeRTOS-Kernel/tasks.o
                0x0800b128                eTaskGetState
 .text.prvCreateIdleTasks
                0x0800b244       0x98 ./FreeRTOS-Kernel/tasks.o
 .text.vTaskStartScheduler
                0x0800b2dc       0xac ./FreeRTOS-Kernel/tasks.o
                0x0800b2dc                vTaskStartScheduler
 .text.vTaskSuspendAll
                0x0800b388       0x1c ./FreeRTOS-Kernel/tasks.o
                0x0800b388                vTaskSuspendAll
 .text.xTaskResumeAll
                0x0800b3a4      0x220 ./FreeRTOS-Kernel/tasks.o
                0x0800b3a4                xTaskResumeAll
 .text.xTaskGetTickCount
                0x0800b5c4       0x20 ./FreeRTOS-Kernel/tasks.o
                0x0800b5c4                xTaskGetTickCount
 .text.uxTaskGetNumberOfTasks
                0x0800b5e4       0x18 ./FreeRTOS-Kernel/tasks.o
                0x0800b5e4                uxTaskGetNumberOfTasks
 .text.uxTaskGetSystemState
                0x0800b5fc      0x10c ./FreeRTOS-Kernel/tasks.o
                0x0800b5fc                uxTaskGetSystemState
 .text.xTaskIncrementTick
                0x0800b708      0x240 ./FreeRTOS-Kernel/tasks.o
                0x0800b708                xTaskIncrementTick
 .text.vTaskSwitchContext
                0x0800b948      0x15c ./FreeRTOS-Kernel/tasks.o
                0x0800b948                vTaskSwitchContext
 .text.vTaskPlaceOnEventList
                0x0800baa4       0x58 ./FreeRTOS-Kernel/tasks.o
                0x0800baa4                vTaskPlaceOnEventList
 .text.vTaskPlaceOnEventListRestricted
                0x0800bafc       0x9c ./FreeRTOS-Kernel/tasks.o
                0x0800bafc                vTaskPlaceOnEventListRestricted
 .text.xTaskRemoveFromEventList
                0x0800bb98      0x1bc ./FreeRTOS-Kernel/tasks.o
                0x0800bb98                xTaskRemoveFromEventList
 .text.vTaskInternalSetTimeOutState
                0x0800bd54       0x2c ./FreeRTOS-Kernel/tasks.o
                0x0800bd54                vTaskInternalSetTimeOutState
 .text.xTaskCheckForTimeOut
                0x0800bd80       0xe8 ./FreeRTOS-Kernel/tasks.o
                0x0800bd80                xTaskCheckForTimeOut
 .text.vTaskMissedYield
                0x0800be68       0x18 ./FreeRTOS-Kernel/tasks.o
                0x0800be68                vTaskMissedYield
 .text.prvIdleTask
                0x0800be80       0x30 ./FreeRTOS-Kernel/tasks.o
 .text.prvInitialiseTaskLists
                0x0800beb0       0x80 ./FreeRTOS-Kernel/tasks.o
 .text.prvCheckTasksWaitingTermination
                0x0800bf30       0x5c ./FreeRTOS-Kernel/tasks.o
 .text.vTaskGetInfo
                0x0800bf8c      0x124 ./FreeRTOS-Kernel/tasks.o
                0x0800bf8c                vTaskGetInfo
 .text.prvListTasksWithinSingleList
                0x0800c0b0       0x66 ./FreeRTOS-Kernel/tasks.o
 .text.prvTaskCheckFreeStackSpace
                0x0800c116       0x36 ./FreeRTOS-Kernel/tasks.o
 .text.prvDeleteTCB
                0x0800c14c       0x2a ./FreeRTOS-Kernel/tasks.o
 *fill*         0x0800c176        0x2 
 .text.prvResetNextTaskUnblockTime
                0x0800c178       0x38 ./FreeRTOS-Kernel/tasks.o
 .text.xTaskGetCurrentTaskHandle
                0x0800c1b0       0x20 ./FreeRTOS-Kernel/tasks.o
                0x0800c1b0                xTaskGetCurrentTaskHandle
 .text.xTaskGetSchedulerState
                0x0800c1d0       0x3c ./FreeRTOS-Kernel/tasks.o
                0x0800c1d0                xTaskGetSchedulerState
 .text.xTaskPriorityInherit
                0x0800c20c      0x140 ./FreeRTOS-Kernel/tasks.o
                0x0800c20c                xTaskPriorityInherit
 .text.xTaskPriorityDisinherit
                0x0800c34c      0x168 ./FreeRTOS-Kernel/tasks.o
                0x0800c34c                xTaskPriorityDisinherit
 .text.vTaskPriorityDisinheritAfterTimeout
                0x0800c4b4      0x194 ./FreeRTOS-Kernel/tasks.o
                0x0800c4b4                vTaskPriorityDisinheritAfterTimeout
 .text.pvTaskIncrementMutexHeldCount
                0x0800c648       0x30 ./FreeRTOS-Kernel/tasks.o
                0x0800c648                pvTaskIncrementMutexHeldCount
 .text.prvAddCurrentTaskToDelayedList
                0x0800c678      0x104 ./FreeRTOS-Kernel/tasks.o
 .text.xTimerCreateTimerTask
                0x0800c77c       0x74 ./FreeRTOS-Kernel/timers.o
                0x0800c77c                xTimerCreateTimerTask
 .text.prvReloadTimer
                0x0800c7f0       0x42 ./FreeRTOS-Kernel/timers.o
 *fill*         0x0800c832        0x2 
 .text.prvProcessExpiredTimer
                0x0800c834       0x60 ./FreeRTOS-Kernel/timers.o
 .text.prvTimerTask
                0x0800c894       0x26 ./FreeRTOS-Kernel/timers.o
 *fill*         0x0800c8ba        0x2 
 .text.prvProcessTimerOrBlockTask
                0x0800c8bc       0x9c ./FreeRTOS-Kernel/timers.o
 .text.prvGetNextExpireTime
                0x0800c958       0x48 ./FreeRTOS-Kernel/timers.o
 .text.prvSampleTimeNow
                0x0800c9a0       0x40 ./FreeRTOS-Kernel/timers.o
 .text.prvInsertTimerInActiveList
                0x0800c9e0       0x84 ./FreeRTOS-Kernel/timers.o
 .text.prvProcessReceivedCommands
                0x0800ca64      0x19c ./FreeRTOS-Kernel/timers.o
 .text.prvSwitchTimerLists
                0x0800cc00       0x4c ./FreeRTOS-Kernel/timers.o
 .text.prvCheckForValidListAndQueue
                0x0800cc4c       0x54 ./FreeRTOS-Kernel/timers.o
 .text.pxPortInitialiseStack
                0x0800cca0       0x68 ./FreeRTOS-Kernel/portable/GCC/ARM_CM7/r0p1/port.o
                0x0800cca0                pxPortInitialiseStack
 .text.prvTaskExitError
                0x0800cd08       0x68 ./FreeRTOS-Kernel/portable/GCC/ARM_CM7/r0p1/port.o
 .text.SVC_Handler
                0x0800cd70       0x28 ./FreeRTOS-Kernel/portable/GCC/ARM_CM7/r0p1/port.o
                0x0800cd70                SVC_Handler
 .text.prvPortStartFirstTask
                0x0800cd98       0x2c ./FreeRTOS-Kernel/portable/GCC/ARM_CM7/r0p1/port.o
 .text.xPortStartScheduler
                0x0800cdc4      0x1bc ./FreeRTOS-Kernel/portable/GCC/ARM_CM7/r0p1/port.o
                0x0800cdc4                xPortStartScheduler
 .text.vPortEnterCritical
                0x0800cf80       0x70 ./FreeRTOS-Kernel/portable/GCC/ARM_CM7/r0p1/port.o
                0x0800cf80                vPortEnterCritical
 .text.vPortExitCritical
                0x0800cff0       0x60 ./FreeRTOS-Kernel/portable/GCC/ARM_CM7/r0p1/port.o
                0x0800cff0                vPortExitCritical
 .text.PendSV_Handler
                0x0800d050       0x68 ./FreeRTOS-Kernel/portable/GCC/ARM_CM7/r0p1/port.o
                0x0800d050                PendSV_Handler
 .text.xPortSysTickHandler
                0x0800d0b8       0x48 ./FreeRTOS-Kernel/portable/GCC/ARM_CM7/r0p1/port.o
                0x0800d0b8                xPortSysTickHandler
 .text.vPortSetupTimerInterrupt
                0x0800d100       0x48 ./FreeRTOS-Kernel/portable/GCC/ARM_CM7/r0p1/port.o
                0x0800d100                vPortSetupTimerInterrupt
 .text.vPortEnableVFP
                0x0800d148       0x18 ./FreeRTOS-Kernel/portable/GCC/ARM_CM7/r0p1/port.o
 .text.__assert_func
                0x0800d160       0x3c /opt/st/stm32cubeide_1.18.0/plugins/com.st.stm32cube.ide.mcu.externaltools.gnu-tools-for-stm32.13.3.rel1.linux64_1.0.0.202410170706/tools/bin/../lib/gcc/arm-none-eabi/13.3.1/../../../../arm-none-eabi/lib/thumb/v7e-m+fp/hard/libc_nano.a(libc_a-assert.o)
                0x0800d160                __assert_func
 .text.atof     0x0800d19c        0x6 /opt/st/stm32cubeide_1.18.0/plugins/com.st.stm32cube.ide.mcu.externaltools.gnu-tools-for-stm32.13.3.rel1.linux64_1.0.0.202410170706/tools/bin/../lib/gcc/arm-none-eabi/13.3.1/../../../../arm-none-eabi/lib/thumb/v7e-m+fp/hard/libc_nano.a(libc_a-atof.o)
                0x0800d19c                atof
 *fill*         0x0800d1a2        0x2 
 .text.calloc   0x0800d1a4       0x10 /opt/st/stm32cubeide_1.18.0/plugins/com.st.stm32cube.ide.mcu.externaltools.gnu-tools-for-stm32.13.3.rel1.linux64_1.0.0.202410170706/tools/bin/../lib/gcc/arm-none-eabi/13.3.1/../../../../arm-none-eabi/lib/thumb/v7e-m+fp/hard/libc_nano.a(libc_a-calloc.o)
                0x0800d1a4                calloc
 .text._calloc_r
                0x0800d1b4       0x28 /opt/st/stm32cubeide_1.18.0/plugins/com.st.stm32cube.ide.mcu.externaltools.gnu-tools-for-stm32.13.3.rel1.linux64_1.0.0.202410170706/tools/bin/../lib/gcc/arm-none-eabi/13.3.1/../../../../arm-none-eabi/lib/thumb/v7e-m+fp/hard/libc_nano.a(libc_a-callocr.o)
                0x0800d1b4                _calloc_r
 .text.getenv   0x0800d1dc       0x18 /opt/st/stm32cubeide_1.18.0/plugins/com.st.stm32cube.ide.mcu.externaltools.gnu-tools-for-stm32.13.3.rel1.linux64_1.0.0.202410170706/tools/bin/../lib/gcc/arm-none-eabi/13.3.1/../../../../arm-none-eabi/lib/thumb/v7e-m+fp/hard/libc_nano.a(libc_a-getenv.o)
                0x0800d1dc                getenv
 .text._findenv_r
                0x0800d1f4       0x78 /opt/st/stm32cubeide_1.18.0/plugins/com.st.stm32cube.ide.mcu.externaltools.gnu-tools-for-stm32.13.3.rel1.linux64_1.0.0.202410170706/tools/bin/../lib/gcc/arm-none-eabi/13.3.1/../../../../arm-none-eabi/lib/thumb/v7e-m+fp/hard/libc_nano.a(libc_a-getenv_r.o)
                0x0800d1f4                _findenv_r
 .text.malloc   0x0800d26c       0x10 /opt/st/stm32cubeide_1.18.0/plugins/com.st.stm32cube.ide.mcu.externaltools.gnu-tools-for-stm32.13.3.rel1.linux64_1.0.0.202410170706/tools/bin/../lib/gcc/arm-none-eabi/13.3.1/../../../../arm-none-eabi/lib/thumb/v7e-m+fp/hard/libc_nano.a(libc_a-malloc.o)
                0x0800d26c                malloc
 .text.free     0x0800d27c       0x10 /opt/st/stm32cubeide_1.18.0/plugins/com.st.stm32cube.ide.mcu.externaltools.gnu-tools-for-stm32.13.3.rel1.linux64_1.0.0.202410170706/tools/bin/../lib/gcc/arm-none-eabi/13.3.1/../../../../arm-none-eabi/lib/thumb/v7e-m+fp/hard/libc_nano.a(libc_a-malloc.o)
                0x0800d27c                free
 .text.sbrk_aligned
                0x0800d28c       0x44 /opt/st/stm32cubeide_1.18.0/plugins/com.st.stm32cube.ide.mcu.externaltools.gnu-tools-for-stm32.13.3.rel1.linux64_1.0.0.202410170706/tools/bin/../lib/gcc/arm-none-eabi/13.3.1/../../../../arm-none-eabi/lib/thumb/v7e-m+fp/hard/libc_nano.a(libc_a-mallocr.o)
 .text._malloc_r
                0x0800d2d0      0x100 /opt/st/stm32cubeide_1.18.0/plugins/com.st.stm32cube.ide.mcu.externaltools.gnu-tools-for-stm32.13.3.rel1.linux64_1.0.0.202410170706/tools/bin/../lib/gcc/arm-none-eabi/13.3.1/../../../../arm-none-eabi/lib/thumb/v7e-m+fp/hard/libc_nano.a(libc_a-mallocr.o)
                0x0800d2d0                _malloc_r
 .text.mallinfo
                0x0800d3d0       0x14 /opt/st/stm32cubeide_1.18.0/plugins/com.st.stm32cube.ide.mcu.externaltools.gnu-tools-for-stm32.13.3.rel1.linux64_1.0.0.202410170706/tools/bin/../lib/gcc/arm-none-eabi/13.3.1/../../../../arm-none-eabi/lib/thumb/v7e-m+fp/hard/libc_nano.a(libc_a-mstats.o)
                0x0800d3d0                mallinfo
 .text.sulp     0x0800d3e4       0x3c /opt/st/stm32cubeide_1.18.0/plugins/com.st.stm32cube.ide.mcu.externaltools.gnu-tools-for-stm32.13.3.rel1.linux64_1.0.0.202410170706/tools/bin/../lib/gcc/arm-none-eabi/13.3.1/../../../../arm-none-eabi/lib/thumb/v7e-m+fp/hard/libc_nano.a(libc_a-strtod.o)
 .text._strtod_l
                0x0800d420      0xbc8 /opt/st/stm32cubeide_1.18.0/plugins/com.st.stm32cube.ide.mcu.externaltools.gnu-tools-for-stm32.13.3.rel1.linux64_1.0.0.202410170706/tools/bin/../lib/gcc/arm-none-eabi/13.3.1/../../../../arm-none-eabi/lib/thumb/v7e-m+fp/hard/libc_nano.a(libc_a-strtod.o)
                0x0800d420                _strtod_l
 .text._strtod_r
                0x0800dfe8        0xc /opt/st/stm32cubeide_1.18.0/plugins/com.st.stm32cube.ide.mcu.externaltools.gnu-tools-for-stm32.13.3.rel1.linux64_1.0.0.202410170706/tools/bin/../lib/gcc/arm-none-eabi/13.3.1/../../../../arm-none-eabi/lib/thumb/v7e-m+fp/hard/libc_nano.a(libc_a-strtod.o)
                0x0800dfe8                _strtod_r
 .text.strtod   0x0800dff4       0x18 /opt/st/stm32cubeide_1.18.0/plugins/com.st.stm32cube.ide.mcu.externaltools.gnu-tools-for-stm32.13.3.rel1.linux64_1.0.0.202410170706/tools/bin/../lib/gcc/arm-none-eabi/13.3.1/../../../../arm-none-eabi/lib/thumb/v7e-m+fp/hard/libc_nano.a(libc_a-strtod.o)
                0x0800dff4                strtod
 .text.setenv   0x0800e00c       0x14 /opt/st/stm32cubeide_1.18.0/plugins/com.st.stm32cube.ide.mcu.externaltools.gnu-tools-for-stm32.13.3.rel1.linux64_1.0.0.202410170706/tools/bin/../lib/gcc/arm-none-eabi/13.3.1/../../../../arm-none-eabi/lib/thumb/v7e-m+fp/hard/libc_nano.a(libc_a-setenv.o)
                0x0800e00c                setenv
 .text._setenv_r
                0x0800e020      0x130 /opt/st/stm32cubeide_1.18.0/plugins/com.st.stm32cube.ide.mcu.externaltools.gnu-tools-for-stm32.13.3.rel1.linux64_1.0.0.202410170706/tools/bin/../lib/gcc/arm-none-eabi/13.3.1/../../../../arm-none-eabi/lib/thumb/v7e-m+fp/hard/libc_nano.a(libc_a-setenv_r.o)
                0x0800e020                _setenv_r
 .text.__cvt    0x0800e150       0xca /opt/st/stm32cubeide_1.18.0/plugins/com.st.stm32cube.ide.mcu.externaltools.gnu-tools-for-stm32.13.3.rel1.linux64_1.0.0.202410170706/tools/bin/../lib/gcc/arm-none-eabi/13.3.1/../../../../arm-none-eabi/lib/thumb/v7e-m+fp/hard/libc_nano.a(libc_a-nano-vfprintf_float.o)
                0x0800e150                __cvt
 .text.__exponent
                0x0800e21a       0x74 /opt/st/stm32cubeide_1.18.0/plugins/com.st.stm32cube.ide.mcu.externaltools.gnu-tools-for-stm32.13.3.rel1.linux64_1.0.0.202410170706/tools/bin/../lib/gcc/arm-none-eabi/13.3.1/../../../../arm-none-eabi/lib/thumb/v7e-m+fp/hard/libc_nano.a(libc_a-nano-vfprintf_float.o)
                0x0800e21a                __exponent
 *fill*         0x0800e28e        0x2 
 .text._printf_float
                0x0800e290      0x454 /opt/st/stm32cubeide_1.18.0/plugins/com.st.stm32cube.ide.mcu.externaltools.gnu-tools-for-stm32.13.3.rel1.linux64_1.0.0.202410170706/tools/bin/../lib/gcc/arm-none-eabi/13.3.1/../../../../arm-none-eabi/lib/thumb/v7e-m+fp/hard/libc_nano.a(libc_a-nano-vfprintf_float.o)
                0x0800e290                _printf_float
 .text._printf_common
                0x0800e6e4       0xda /opt/st/stm32cubeide_1.18.0/plugins/com.st.stm32cube.ide.mcu.externaltools.gnu-tools-for-stm32.13.3.rel1.linux64_1.0.0.202410170706/tools/bin/../lib/gcc/arm-none-eabi/13.3.1/../../../../arm-none-eabi/lib/thumb/v7e-m+fp/hard/libc_nano.a(libc_a-nano-vfprintf_i.o)
                0x0800e6e4                _printf_common
 *fill*         0x0800e7be        0x2 
 .text._printf_i
                0x0800e7c0      0x23c /opt/st/stm32cubeide_1.18.0/plugins/com.st.stm32cube.ide.mcu.externaltools.gnu-tools-for-stm32.13.3.rel1.linux64_1.0.0.202410170706/tools/bin/../lib/gcc/arm-none-eabi/13.3.1/../../../../arm-none-eabi/lib/thumb/v7e-m+fp/hard/libc_nano.a(libc_a-nano-vfprintf_i.o)
                0x0800e7c0                _printf_i
 .text._scanf_float
                0x0800e9fc      0x41c /opt/st/stm32cubeide_1.18.0/plugins/com.st.stm32cube.ide.mcu.externaltools.gnu-tools-for-stm32.13.3.rel1.linux64_1.0.0.202410170706/tools/bin/../lib/gcc/arm-none-eabi/13.3.1/../../../../arm-none-eabi/lib/thumb/v7e-m+fp/hard/libc_nano.a(libc_a-nano-vfscanf_float.o)
                0x0800e9fc                _scanf_float
 .text._fclose_r
                0x0800ee18       0xac /opt/st/stm32cubeide_1.18.0/plugins/com.st.stm32cube.ide.mcu.externaltools.gnu-tools-for-stm32.13.3.rel1.linux64_1.0.0.202410170706/tools/bin/../lib/gcc/arm-none-eabi/13.3.1/../../../../arm-none-eabi/lib/thumb/v7e-m+fp/hard/libc_nano.a(libc_a-fclose.o)
                0x0800ee18                _fclose_r
 .text.fclose   0x0800eec4       0x10 /opt/st/stm32cubeide_1.18.0/plugins/com.st.stm32cube.ide.mcu.externaltools.gnu-tools-for-stm32.13.3.rel1.linux64_1.0.0.202410170706/tools/bin/../lib/gcc/arm-none-eabi/13.3.1/../../../../arm-none-eabi/lib/thumb/v7e-m+fp/hard/libc_nano.a(libc_a-fclose.o)
                0x0800eec4                fclose
 .text.__sflush_r
                0x0800eed4      0x108 /opt/st/stm32cubeide_1.18.0/plugins/com.st.stm32cube.ide.mcu.externaltools.gnu-tools-for-stm32.13.3.rel1.linux64_1.0.0.202410170706/tools/bin/../lib/gcc/arm-none-eabi/13.3.1/../../../../arm-none-eabi/lib/thumb/v7e-m+fp/hard/libc_nano.a(libc_a-fflush.o)
                0x0800eed4                __sflush_r
 .text._fflush_r
                0x0800efdc       0x50 /opt/st/stm32cubeide_1.18.0/plugins/com.st.stm32cube.ide.mcu.externaltools.gnu-tools-for-stm32.13.3.rel1.linux64_1.0.0.202410170706/tools/bin/../lib/gcc/arm-none-eabi/13.3.1/../../../../arm-none-eabi/lib/thumb/v7e-m+fp/hard/libc_nano.a(libc_a-fflush.o)
                0x0800efdc                _fflush_r
 .text.fflush   0x0800f02c       0x28 /opt/st/stm32cubeide_1.18.0/plugins/com.st.stm32cube.ide.mcu.externaltools.gnu-tools-for-stm32.13.3.rel1.linux64_1.0.0.202410170706/tools/bin/../lib/gcc/arm-none-eabi/13.3.1/../../../../arm-none-eabi/lib/thumb/v7e-m+fp/hard/libc_nano.a(libc_a-fflush.o)
                0x0800f02c                fflush
 .text.std      0x0800f054       0x6c /opt/st/stm32cubeide_1.18.0/plugins/com.st.stm32cube.ide.mcu.externaltools.gnu-tools-for-stm32.13.3.rel1.linux64_1.0.0.202410170706/tools/bin/../lib/gcc/arm-none-eabi/13.3.1/../../../../arm-none-eabi/lib/thumb/v7e-m+fp/hard/libc_nano.a(libc_a-findfp.o)
 .text.stdio_exit_handler
                0x0800f0c0       0x18 /opt/st/stm32cubeide_1.18.0/plugins/com.st.stm32cube.ide.mcu.externaltools.gnu-tools-for-stm32.13.3.rel1.linux64_1.0.0.202410170706/tools/bin/../lib/gcc/arm-none-eabi/13.3.1/../../../../arm-none-eabi/lib/thumb/v7e-m+fp/hard/libc_nano.a(libc_a-findfp.o)
 .text.cleanup_stdio
                0x0800f0d8       0x40 /opt/st/stm32cubeide_1.18.0/plugins/com.st.stm32cube.ide.mcu.externaltools.gnu-tools-for-stm32.13.3.rel1.linux64_1.0.0.202410170706/tools/bin/../lib/gcc/arm-none-eabi/13.3.1/../../../../arm-none-eabi/lib/thumb/v7e-m+fp/hard/libc_nano.a(libc_a-findfp.o)
 .text.global_stdio_init.part.0
                0x0800f118       0x3c /opt/st/stm32cubeide_1.18.0/plugins/com.st.stm32cube.ide.mcu.externaltools.gnu-tools-for-stm32.13.3.rel1.linux64_1.0.0.202410170706/tools/bin/../lib/gcc/arm-none-eabi/13.3.1/../../../../arm-none-eabi/lib/thumb/v7e-m+fp/hard/libc_nano.a(libc_a-findfp.o)
 .text.__sfp_lock_acquire
                0x0800f154        0xc /opt/st/stm32cubeide_1.18.0/plugins/com.st.stm32cube.ide.mcu.externaltools.gnu-tools-for-stm32.13.3.rel1.linux64_1.0.0.202410170706/tools/bin/../lib/gcc/arm-none-eabi/13.3.1/../../../../arm-none-eabi/lib/thumb/v7e-m+fp/hard/libc_nano.a(libc_a-findfp.o)
                0x0800f154                __sfp_lock_acquire
 .text.__sfp_lock_release
                0x0800f160        0xc /opt/st/stm32cubeide_1.18.0/plugins/com.st.stm32cube.ide.mcu.externaltools.gnu-tools-for-stm32.13.3.rel1.linux64_1.0.0.202410170706/tools/bin/../lib/gcc/arm-none-eabi/13.3.1/../../../../arm-none-eabi/lib/thumb/v7e-m+fp/hard/libc_nano.a(libc_a-findfp.o)
                0x0800f160                __sfp_lock_release
 .text.__sfp    0x0800f16c       0xa4 /opt/st/stm32cubeide_1.18.0/plugins/com.st.stm32cube.ide.mcu.externaltools.gnu-tools-for-stm32.13.3.rel1.linux64_1.0.0.202410170706/tools/bin/../lib/gcc/arm-none-eabi/13.3.1/../../../../arm-none-eabi/lib/thumb/v7e-m+fp/hard/libc_nano.a(libc_a-findfp.o)
                0x0800f16c                __sfp
 .text.__sinit  0x0800f210       0x30 /opt/st/stm32cubeide_1.18.0/plugins/com.st.stm32cube.ide.mcu.externaltools.gnu-tools-for-stm32.13.3.rel1.linux64_1.0.0.202410170706/tools/bin/../lib/gcc/arm-none-eabi/13.3.1/../../../../arm-none-eabi/lib/thumb/v7e-m+fp/hard/libc_nano.a(libc_a-findfp.o)
                0x0800f210                __sinit
 .text.fprintf  0x0800f240       0x24 /opt/st/stm32cubeide_1.18.0/plugins/com.st.stm32cube.ide.mcu.externaltools.gnu-tools-for-stm32.13.3.rel1.linux64_1.0.0.202410170706/tools/bin/../lib/gcc/arm-none-eabi/13.3.1/../../../../arm-none-eabi/lib/thumb/v7e-m+fp/hard/libc_nano.a(libc_a-fprintf.o)
                0x0800f240                fprintf
                0x0800f240                fiprintf
 .text._fwalk_sglue
                0x0800f264       0x3c /opt/st/stm32cubeide_1.18.0/plugins/com.st.stm32cube.ide.mcu.externaltools.gnu-tools-for-stm32.13.3.rel1.linux64_1.0.0.202410170706/tools/bin/../lib/gcc/arm-none-eabi/13.3.1/../../../../arm-none-eabi/lib/thumb/v7e-m+fp/hard/libc_nano.a(libc_a-fwalk.o)
                0x0800f264                _fwalk_sglue
 .text.getchar  0x0800f2a0       0x10 /opt/st/stm32cubeide_1.18.0/plugins/com.st.stm32cube.ide.mcu.externaltools.gnu-tools-for-stm32.13.3.rel1.linux64_1.0.0.202410170706/tools/bin/../lib/gcc/arm-none-eabi/13.3.1/../../../../arm-none-eabi/lib/thumb/v7e-m+fp/hard/libc_nano.a(libc_a-getchar.o)
                0x0800f2a0                getchar
 .text.printf   0x0800f2b0       0x24 /opt/st/stm32cubeide_1.18.0/plugins/com.st.stm32cube.ide.mcu.externaltools.gnu-tools-for-stm32.13.3.rel1.linux64_1.0.0.202410170706/tools/bin/../lib/gcc/arm-none-eabi/13.3.1/../../../../arm-none-eabi/lib/thumb/v7e-m+fp/hard/libc_nano.a(libc_a-printf.o)
                0x0800f2b0                printf
                0x0800f2b0                iprintf
 .text.putchar  0x0800f2d4       0x10 /opt/st/stm32cubeide_1.18.0/plugins/com.st.stm32cube.ide.mcu.externaltools.gnu-tools-for-stm32.13.3.rel1.linux64_1.0.0.202410170706/tools/bin/../lib/gcc/arm-none-eabi/13.3.1/../../../../arm-none-eabi/lib/thumb/v7e-m+fp/hard/libc_nano.a(libc_a-putchar.o)
                0x0800f2d4                putchar
 .text._puts_r  0x0800f2e4       0xaa /opt/st/stm32cubeide_1.18.0/plugins/com.st.stm32cube.ide.mcu.externaltools.gnu-tools-for-stm32.13.3.rel1.linux64_1.0.0.202410170706/tools/bin/../lib/gcc/arm-none-eabi/13.3.1/../../../../arm-none-eabi/lib/thumb/v7e-m+fp/hard/libc_nano.a(libc_a-puts.o)
                0x0800f2e4                _puts_r
 *fill*         0x0800f38e        0x2 
 .text.puts     0x0800f390       0x10 /opt/st/stm32cubeide_1.18.0/plugins/com.st.stm32cube.ide.mcu.externaltools.gnu-tools-for-stm32.13.3.rel1.linux64_1.0.0.202410170706/tools/bin/../lib/gcc/arm-none-eabi/13.3.1/../../../../arm-none-eabi/lib/thumb/v7e-m+fp/hard/libc_nano.a(libc_a-puts.o)
                0x0800f390                puts
 .text.sprintf  0x0800f3a0       0x44 /opt/st/stm32cubeide_1.18.0/plugins/com.st.stm32cube.ide.mcu.externaltools.gnu-tools-for-stm32.13.3.rel1.linux64_1.0.0.202410170706/tools/bin/../lib/gcc/arm-none-eabi/13.3.1/../../../../arm-none-eabi/lib/thumb/v7e-m+fp/hard/libc_nano.a(libc_a-sprintf.o)
                0x0800f3a0                sprintf
                0x0800f3a0                siprintf
 .text.__sread  0x0800f3e4       0x22 /opt/st/stm32cubeide_1.18.0/plugins/com.st.stm32cube.ide.mcu.externaltools.gnu-tools-for-stm32.13.3.rel1.linux64_1.0.0.202410170706/tools/bin/../lib/gcc/arm-none-eabi/13.3.1/../../../../arm-none-eabi/lib/thumb/v7e-m+fp/hard/libc_nano.a(libc_a-stdio.o)
                0x0800f3e4                __sread
 .text.__swrite
                0x0800f406       0x38 /opt/st/stm32cubeide_1.18.0/plugins/com.st.stm32cube.ide.mcu.externaltools.gnu-tools-for-stm32.13.3.rel1.linux64_1.0.0.202410170706/tools/bin/../lib/gcc/arm-none-eabi/13.3.1/../../../../arm-none-eabi/lib/thumb/v7e-m+fp/hard/libc_nano.a(libc_a-stdio.o)
                0x0800f406                __swrite
 .text.__sseek  0x0800f43e       0x24 /opt/st/stm32cubeide_1.18.0/plugins/com.st.stm32cube.ide.mcu.externaltools.gnu-tools-for-stm32.13.3.rel1.linux64_1.0.0.202410170706/tools/bin/../lib/gcc/arm-none-eabi/13.3.1/../../../../arm-none-eabi/lib/thumb/v7e-m+fp/hard/libc_nano.a(libc_a-stdio.o)
                0x0800f43e                __sseek
 .text.__sclose
                0x0800f462        0x8 /opt/st/stm32cubeide_1.18.0/plugins/com.st.stm32cube.ide.mcu.externaltools.gnu-tools-for-stm32.13.3.rel1.linux64_1.0.0.202410170706/tools/bin/../lib/gcc/arm-none-eabi/13.3.1/../../../../arm-none-eabi/lib/thumb/v7e-m+fp/hard/libc_nano.a(libc_a-stdio.o)
                0x0800f462                __sclose
 .text.__swbuf_r
                0x0800f46a       0x7c /opt/st/stm32cubeide_1.18.0/plugins/com.st.stm32cube.ide.mcu.externaltools.gnu-tools-for-stm32.13.3.rel1.linux64_1.0.0.202410170706/tools/bin/../lib/gcc/arm-none-eabi/13.3.1/../../../../arm-none-eabi/lib/thumb/v7e-m+fp/hard/libc_nano.a(libc_a-wbuf.o)
                0x0800f46a                __swbuf_r
 *fill*         0x0800f4e6        0x2 
 .text.__swsetup_r
                0x0800f4e8       0xac /opt/st/stm32cubeide_1.18.0/plugins/com.st.stm32cube.ide.mcu.externaltools.gnu-tools-for-stm32.13.3.rel1.linux64_1.0.0.202410170706/tools/bin/../lib/gcc/arm-none-eabi/13.3.1/../../../../arm-none-eabi/lib/thumb/v7e-m+fp/hard/libc_nano.a(libc_a-wsetup.o)
                0x0800f4e8                __swsetup_r
 .text.funcloser
                0x0800f594       0x38 /opt/st/stm32cubeide_1.18.0/plugins/com.st.stm32cube.ide.mcu.externaltools.gnu-tools-for-stm32.13.3.rel1.linux64_1.0.0.202410170706/tools/bin/../lib/gcc/arm-none-eabi/13.3.1/../../../../arm-none-eabi/lib/thumb/v7e-m+fp/hard/libc_nano.a(libc_a-funopen.o)
 .text.funwriter
                0x0800f5cc       0x34 /opt/st/stm32cubeide_1.18.0/plugins/com.st.stm32cube.ide.mcu.externaltools.gnu-tools-for-stm32.13.3.rel1.linux64_1.0.0.202410170706/tools/bin/../lib/gcc/arm-none-eabi/13.3.1/../../../../arm-none-eabi/lib/thumb/v7e-m+fp/hard/libc_nano.a(libc_a-funopen.o)
 .text.funseeker
                0x0800f600       0x34 /opt/st/stm32cubeide_1.18.0/plugins/com.st.stm32cube.ide.mcu.externaltools.gnu-tools-for-stm32.13.3.rel1.linux64_1.0.0.202410170706/tools/bin/../lib/gcc/arm-none-eabi/13.3.1/../../../../arm-none-eabi/lib/thumb/v7e-m+fp/hard/libc_nano.a(libc_a-funopen.o)
 .text.funreader
                0x0800f634       0x34 /opt/st/stm32cubeide_1.18.0/plugins/com.st.stm32cube.ide.mcu.externaltools.gnu-tools-for-stm32.13.3.rel1.linux64_1.0.0.202410170706/tools/bin/../lib/gcc/arm-none-eabi/13.3.1/../../../../arm-none-eabi/lib/thumb/v7e-m+fp/hard/libc_nano.a(libc_a-funopen.o)
 .text._funopen_r
                0x0800f668       0xd4 /opt/st/stm32cubeide_1.18.0/plugins/com.st.stm32cube.ide.mcu.externaltools.gnu-tools-for-stm32.13.3.rel1.linux64_1.0.0.202410170706/tools/bin/../lib/gcc/arm-none-eabi/13.3.1/../../../../arm-none-eabi/lib/thumb/v7e-m+fp/hard/libc_nano.a(libc_a-funopen.o)
                0x0800f668                _funopen_r
 .text.funopen  0x0800f73c       0x20 /opt/st/stm32cubeide_1.18.0/plugins/com.st.stm32cube.ide.mcu.externaltools.gnu-tools-for-stm32.13.3.rel1.linux64_1.0.0.202410170706/tools/bin/../lib/gcc/arm-none-eabi/13.3.1/../../../../arm-none-eabi/lib/thumb/v7e-m+fp/hard/libc_nano.a(libc_a-funopen.o)
                0x0800f73c                funopen
 .text.memset   0x0800f75c       0x10 /opt/st/stm32cubeide_1.18.0/plugins/com.st.stm32cube.ide.mcu.externaltools.gnu-tools-for-stm32.13.3.rel1.linux64_1.0.0.202410170706/tools/bin/../lib/gcc/arm-none-eabi/13.3.1/../../../../arm-none-eabi/lib/thumb/v7e-m+fp/hard/libc_nano.a(libc_a-memset.o)
                0x0800f75c                memset
 .text.strchr   0x0800f76c       0x1a /opt/st/stm32cubeide_1.18.0/plugins/com.st.stm32cube.ide.mcu.externaltools.gnu-tools-for-stm32.13.3.rel1.linux64_1.0.0.202410170706/tools/bin/../lib/gcc/arm-none-eabi/13.3.1/../../../../arm-none-eabi/lib/thumb/v7e-m+fp/hard/libc_nano.a(libc_a-strchr.o)
                0x0800f76c                strchr
 .text.strncmp  0x0800f786       0x24 /opt/st/stm32cubeide_1.18.0/plugins/com.st.stm32cube.ide.mcu.externaltools.gnu-tools-for-stm32.13.3.rel1.linux64_1.0.0.202410170706/tools/bin/../lib/gcc/arm-none-eabi/13.3.1/../../../../arm-none-eabi/lib/thumb/v7e-m+fp/hard/libc_nano.a(libc_a-strncmp.o)
                0x0800f786                strncmp
 .text.strnlen  0x0800f7aa       0x18 /opt/st/stm32cubeide_1.18.0/plugins/com.st.stm32cube.ide.mcu.externaltools.gnu-tools-for-stm32.13.3.rel1.linux64_1.0.0.202410170706/tools/bin/../lib/gcc/arm-none-eabi/13.3.1/../../../../arm-none-eabi/lib/thumb/v7e-m+fp/hard/libc_nano.a(libc_a-strnlen.o)
                0x0800f7aa                strnlen
 *fill*         0x0800f7c2        0x2 
 .text.strtok   0x0800f7c4       0x68 /opt/st/stm32cubeide_1.18.0/plugins/com.st.stm32cube.ide.mcu.externaltools.gnu-tools-for-stm32.13.3.rel1.linux64_1.0.0.202410170706/tools/bin/../lib/gcc/arm-none-eabi/13.3.1/../../../../arm-none-eabi/lib/thumb/v7e-m+fp/hard/libc_nano.a(libc_a-strtok.o)
                0x0800f7c4                strtok
 .text.__strtok_r
                0x0800f82c       0x50 /opt/st/stm32cubeide_1.18.0/plugins/com.st.stm32cube.ide.mcu.externaltools.gnu-tools-for-stm32.13.3.rel1.linux64_1.0.0.202410170706/tools/bin/../lib/gcc/arm-none-eabi/13.3.1/../../../../arm-none-eabi/lib/thumb/v7e-m+fp/hard/libc_nano.a(libc_a-strtok_r.o)
                0x0800f82c                __strtok_r
 .text._localeconv_r
                0x0800f87c        0x8 /opt/st/stm32cubeide_1.18.0/plugins/com.st.stm32cube.ide.mcu.externaltools.gnu-tools-for-stm32.13.3.rel1.linux64_1.0.0.202410170706/tools/bin/../lib/gcc/arm-none-eabi/13.3.1/../../../../arm-none-eabi/lib/thumb/v7e-m+fp/hard/libc_nano.a(libc_a-localeconv.o)
                0x0800f87c                _localeconv_r
 .text._close_r
                0x0800f884       0x20 /opt/st/stm32cubeide_1.18.0/plugins/com.st.stm32cube.ide.mcu.externaltools.gnu-tools-for-stm32.13.3.rel1.linux64_1.0.0.202410170706/tools/bin/../lib/gcc/arm-none-eabi/13.3.1/../../../../arm-none-eabi/lib/thumb/v7e-m+fp/hard/libc_nano.a(libc_a-closer.o)
                0x0800f884                _close_r
 .text._reclaim_reent
                0x0800f8a4       0xbc /opt/st/stm32cubeide_1.18.0/plugins/com.st.stm32cube.ide.mcu.externaltools.gnu-tools-for-stm32.13.3.rel1.linux64_1.0.0.202410170706/tools/bin/../lib/gcc/arm-none-eabi/13.3.1/../../../../arm-none-eabi/lib/thumb/v7e-m+fp/hard/libc_nano.a(libc_a-reent.o)
                0x0800f8a4                _reclaim_reent
 .text._lseek_r
                0x0800f960       0x24 /opt/st/stm32cubeide_1.18.0/plugins/com.st.stm32cube.ide.mcu.externaltools.gnu-tools-for-stm32.13.3.rel1.linux64_1.0.0.202410170706/tools/bin/../lib/gcc/arm-none-eabi/13.3.1/../../../../arm-none-eabi/lib/thumb/v7e-m+fp/hard/libc_nano.a(libc_a-lseekr.o)
                0x0800f960                _lseek_r
 .text._read_r  0x0800f984       0x24 /opt/st/stm32cubeide_1.18.0/plugins/com.st.stm32cube.ide.mcu.externaltools.gnu-tools-for-stm32.13.3.rel1.linux64_1.0.0.202410170706/tools/bin/../lib/gcc/arm-none-eabi/13.3.1/../../../../arm-none-eabi/lib/thumb/v7e-m+fp/hard/libc_nano.a(libc_a-readr.o)
                0x0800f984                _read_r
 .text._write_r
                0x0800f9a8       0x24 /opt/st/stm32cubeide_1.18.0/plugins/com.st.stm32cube.ide.mcu.externaltools.gnu-tools-for-stm32.13.3.rel1.linux64_1.0.0.202410170706/tools/bin/../lib/gcc/arm-none-eabi/13.3.1/../../../../arm-none-eabi/lib/thumb/v7e-m+fp/hard/libc_nano.a(libc_a-writer.o)
                0x0800f9a8                _write_r
 .text.__errno  0x0800f9cc        0xc /opt/st/stm32cubeide_1.18.0/plugins/com.st.stm32cube.ide.mcu.externaltools.gnu-tools-for-stm32.13.3.rel1.linux64_1.0.0.202410170706/tools/bin/../lib/gcc/arm-none-eabi/13.3.1/../../../../arm-none-eabi/lib/thumb/v7e-m+fp/hard/libc_nano.a(libc_a-errno.o)
                0x0800f9cc                __errno
 .text.__libc_init_array
                0x0800f9d8       0x48 /opt/st/stm32cubeide_1.18.0/plugins/com.st.stm32cube.ide.mcu.externaltools.gnu-tools-for-stm32.13.3.rel1.linux64_1.0.0.202410170706/tools/bin/../lib/gcc/arm-none-eabi/13.3.1/../../../../arm-none-eabi/lib/thumb/v7e-m+fp/hard/libc_nano.a(libc_a-init.o)
                0x0800f9d8                __libc_init_array
 .text.__retarget_lock_init_recursive
                0x0800fa20        0x2 /opt/st/stm32cubeide_1.18.0/plugins/com.st.stm32cube.ide.mcu.externaltools.gnu-tools-for-stm32.13.3.rel1.linux64_1.0.0.202410170706/tools/bin/../lib/gcc/arm-none-eabi/13.3.1/../../../../arm-none-eabi/lib/thumb/v7e-m+fp/hard/libc_nano.a(libc_a-lock.o)
                0x0800fa20                __retarget_lock_init_recursive
 .text.__retarget_lock_close_recursive
                0x0800fa22        0x2 /opt/st/stm32cubeide_1.18.0/plugins/com.st.stm32cube.ide.mcu.externaltools.gnu-tools-for-stm32.13.3.rel1.linux64_1.0.0.202410170706/tools/bin/../lib/gcc/arm-none-eabi/13.3.1/../../../../arm-none-eabi/lib/thumb/v7e-m+fp/hard/libc_nano.a(libc_a-lock.o)
                0x0800fa22                __retarget_lock_close_recursive
 .text.__retarget_lock_acquire_recursive
                0x0800fa24        0x2 /opt/st/stm32cubeide_1.18.0/plugins/com.st.stm32cube.ide.mcu.externaltools.gnu-tools-for-stm32.13.3.rel1.linux64_1.0.0.202410170706/tools/bin/../lib/gcc/arm-none-eabi/13.3.1/../../../../arm-none-eabi/lib/thumb/v7e-m+fp/hard/libc_nano.a(libc_a-lock.o)
                0x0800fa24                __retarget_lock_acquire_recursive
 .text.__retarget_lock_release_recursive
                0x0800fa26        0x2 /opt/st/stm32cubeide_1.18.0/plugins/com.st.stm32cube.ide.mcu.externaltools.gnu-tools-for-stm32.13.3.rel1.linux64_1.0.0.202410170706/tools/bin/../lib/gcc/arm-none-eabi/13.3.1/../../../../arm-none-eabi/lib/thumb/v7e-m+fp/hard/libc_nano.a(libc_a-lock.o)
                0x0800fa26                __retarget_lock_release_recursive
 .text.memcpy   0x0800fa28       0x1c /opt/st/stm32cubeide_1.18.0/plugins/com.st.stm32cube.ide.mcu.externaltools.gnu-tools-for-stm32.13.3.rel1.linux64_1.0.0.202410170706/tools/bin/../lib/gcc/arm-none-eabi/13.3.1/../../../../arm-none-eabi/lib/thumb/v7e-m+fp/hard/libc_nano.a(libc_a-memcpy-stub.o)
                0x0800fa28                memcpy
 *fill*         0x0800fa44        0x4 
 .text.nan      0x0800fa48       0x10 /opt/st/stm32cubeide_1.18.0/plugins/com.st.stm32cube.ide.mcu.externaltools.gnu-tools-for-stm32.13.3.rel1.linux64_1.0.0.202410170706/tools/bin/../lib/gcc/arm-none-eabi/13.3.1/../../../../arm-none-eabi/lib/thumb/v7e-m+fp/hard/libc_nano.a(libm_a-s_nan.o)
                0x0800fa48                nan
 .text.nanf     0x0800fa58        0xc /opt/st/stm32cubeide_1.18.0/plugins/com.st.stm32cube.ide.mcu.externaltools.gnu-tools-for-stm32.13.3.rel1.linux64_1.0.0.202410170706/tools/bin/../lib/gcc/arm-none-eabi/13.3.1/../../../../arm-none-eabi/lib/thumb/v7e-m+fp/hard/libc_nano.a(libm_a-sf_nan.o)
                0x0800fa58                nanf
 .text.abort    0x0800fa64        0xe /opt/st/stm32cubeide_1.18.0/plugins/com.st.stm32cube.ide.mcu.externaltools.gnu-tools-for-stm32.13.3.rel1.linux64_1.0.0.202410170706/tools/bin/../lib/gcc/arm-none-eabi/13.3.1/../../../../arm-none-eabi/lib/thumb/v7e-m+fp/hard/libc_nano.a(libc_a-abort.o)
                0x0800fa64                abort
 .text.quorem   0x0800fa72      0x110 /opt/st/stm32cubeide_1.18.0/plugins/com.st.stm32cube.ide.mcu.externaltools.gnu-tools-for-stm32.13.3.rel1.linux64_1.0.0.202410170706/tools/bin/../lib/gcc/arm-none-eabi/13.3.1/../../../../arm-none-eabi/lib/thumb/v7e-m+fp/hard/libc_nano.a(libc_a-dtoa.o)
 *fill*         0x0800fb82        0x6 
 .text._dtoa_r  0x0800fb88      0xba0 /opt/st/stm32cubeide_1.18.0/plugins/com.st.stm32cube.ide.mcu.externaltools.gnu-tools-for-stm32.13.3.rel1.linux64_1.0.0.202410170706/tools/bin/../lib/gcc/arm-none-eabi/13.3.1/../../../../arm-none-eabi/lib/thumb/v7e-m+fp/hard/libc_nano.a(libc_a-dtoa.o)
                0x0800fb88                _dtoa_r
 .text._free_r  0x08010728       0x94 /opt/st/stm32cubeide_1.18.0/plugins/com.st.stm32cube.ide.mcu.externaltools.gnu-tools-for-stm32.13.3.rel1.linux64_1.0.0.202410170706/tools/bin/../lib/gcc/arm-none-eabi/13.3.1/../../../../arm-none-eabi/lib/thumb/v7e-m+fp/hard/libc_nano.a(libc_a-freer.o)
                0x08010728                _free_r
 .text.rshift   0x080107bc       0xa4 /opt/st/stm32cubeide_1.18.0/plugins/com.st.stm32cube.ide.mcu.externaltools.gnu-tools-for-stm32.13.3.rel1.linux64_1.0.0.202410170706/tools/bin/../lib/gcc/arm-none-eabi/13.3.1/../../../../arm-none-eabi/lib/thumb/v7e-m+fp/hard/libc_nano.a(libc_a-gdtoa-gethex.o)
 .text.__hexdig_fun
                0x08010860       0x2a /opt/st/stm32cubeide_1.18.0/plugins/com.st.stm32cube.ide.mcu.externaltools.gnu-tools-for-stm32.13.3.rel1.linux64_1.0.0.202410170706/tools/bin/../lib/gcc/arm-none-eabi/13.3.1/../../../../arm-none-eabi/lib/thumb/v7e-m+fp/hard/libc_nano.a(libc_a-gdtoa-gethex.o)
                0x08010860                __hexdig_fun
 *fill*         0x0801088a        0x2 
 .text.__gethex
                0x0801088c      0x420 /opt/st/stm32cubeide_1.18.0/plugins/com.st.stm32cube.ide.mcu.externaltools.gnu-tools-for-stm32.13.3.rel1.linux64_1.0.0.202410170706/tools/bin/../lib/gcc/arm-none-eabi/13.3.1/../../../../arm-none-eabi/lib/thumb/v7e-m+fp/hard/libc_nano.a(libc_a-gdtoa-gethex.o)
                0x0801088c                __gethex
 .text.L_shift  0x08010cac       0x24 /opt/st/stm32cubeide_1.18.0/plugins/com.st.stm32cube.ide.mcu.externaltools.gnu-tools-for-stm32.13.3.rel1.linux64_1.0.0.202410170706/tools/bin/../lib/gcc/arm-none-eabi/13.3.1/../../../../arm-none-eabi/lib/thumb/v7e-m+fp/hard/libc_nano.a(libc_a-gdtoa-hexnan.o)
 .text.__match  0x08010cd0       0x28 /opt/st/stm32cubeide_1.18.0/plugins/com.st.stm32cube.ide.mcu.externaltools.gnu-tools-for-stm32.13.3.rel1.linux64_1.0.0.202410170706/tools/bin/../lib/gcc/arm-none-eabi/13.3.1/../../../../arm-none-eabi/lib/thumb/v7e-m+fp/hard/libc_nano.a(libc_a-gdtoa-hexnan.o)
                0x08010cd0                __match
 .text.__hexnan
                0x08010cf8      0x136 /opt/st/stm32cubeide_1.18.0/plugins/com.st.stm32cube.ide.mcu.externaltools.gnu-tools-for-stm32.13.3.rel1.linux64_1.0.0.202410170706/tools/bin/../lib/gcc/arm-none-eabi/13.3.1/../../../../arm-none-eabi/lib/thumb/v7e-m+fp/hard/libc_nano.a(libc_a-gdtoa-hexnan.o)
                0x08010cf8                __hexnan
 *fill*         0x08010e2e        0x2 
 .text._mallinfo_r
                0x08010e30       0x68 /opt/st/stm32cubeide_1.18.0/plugins/com.st.stm32cube.ide.mcu.externaltools.gnu-tools-for-stm32.13.3.rel1.linux64_1.0.0.202410170706/tools/bin/../lib/gcc/arm-none-eabi/13.3.1/../../../../arm-none-eabi/lib/thumb/v7e-m+fp/hard/libc_nano.a(libc_a-mallinfor.o)
                0x08010e30                _mallinfo_r
 .text.__ascii_mbtowc
                0x08010e98       0x24 /opt/st/stm32cubeide_1.18.0/plugins/com.st.stm32cube.ide.mcu.externaltools.gnu-tools-for-stm32.13.3.rel1.linux64_1.0.0.202410170706/tools/bin/../lib/gcc/arm-none-eabi/13.3.1/../../../../arm-none-eabi/lib/thumb/v7e-m+fp/hard/libc_nano.a(libc_a-mbtowc_r.o)
                0x08010e98                __ascii_mbtowc
 .text._Balloc  0x08010ebc       0x80 /opt/st/stm32cubeide_1.18.0/plugins/com.st.stm32cube.ide.mcu.externaltools.gnu-tools-for-stm32.13.3.rel1.linux64_1.0.0.202410170706/tools/bin/../lib/gcc/arm-none-eabi/13.3.1/../../../../arm-none-eabi/lib/thumb/v7e-m+fp/hard/libc_nano.a(libc_a-mprec.o)
                0x08010ebc                _Balloc
 .text._Bfree   0x08010f3c       0x44 /opt/st/stm32cubeide_1.18.0/plugins/com.st.stm32cube.ide.mcu.externaltools.gnu-tools-for-stm32.13.3.rel1.linux64_1.0.0.202410170706/tools/bin/../lib/gcc/arm-none-eabi/13.3.1/../../../../arm-none-eabi/lib/thumb/v7e-m+fp/hard/libc_nano.a(libc_a-mprec.o)
                0x08010f3c                _Bfree
 .text.__multadd
                0x08010f80       0x8c /opt/st/stm32cubeide_1.18.0/plugins/com.st.stm32cube.ide.mcu.externaltools.gnu-tools-for-stm32.13.3.rel1.linux64_1.0.0.202410170706/tools/bin/../lib/gcc/arm-none-eabi/13.3.1/../../../../arm-none-eabi/lib/thumb/v7e-m+fp/hard/libc_nano.a(libc_a-mprec.o)
                0x08010f80                __multadd
 .text.__s2b    0x0801100c       0x94 /opt/st/stm32cubeide_1.18.0/plugins/com.st.stm32cube.ide.mcu.externaltools.gnu-tools-for-stm32.13.3.rel1.linux64_1.0.0.202410170706/tools/bin/../lib/gcc/arm-none-eabi/13.3.1/../../../../arm-none-eabi/lib/thumb/v7e-m+fp/hard/libc_nano.a(libc_a-mprec.o)
                0x0801100c                __s2b
 .text.__hi0bits
                0x080110a0       0x3e /opt/st/stm32cubeide_1.18.0/plugins/com.st.stm32cube.ide.mcu.externaltools.gnu-tools-for-stm32.13.3.rel1.linux64_1.0.0.202410170706/tools/bin/../lib/gcc/arm-none-eabi/13.3.1/../../../../arm-none-eabi/lib/thumb/v7e-m+fp/hard/libc_nano.a(libc_a-mprec.o)
                0x080110a0                __hi0bits
 .text.__lo0bits
                0x080110de       0x5a /opt/st/stm32cubeide_1.18.0/plugins/com.st.stm32cube.ide.mcu.externaltools.gnu-tools-for-stm32.13.3.rel1.linux64_1.0.0.202410170706/tools/bin/../lib/gcc/arm-none-eabi/13.3.1/../../../../arm-none-eabi/lib/thumb/v7e-m+fp/hard/libc_nano.a(libc_a-mprec.o)
                0x080110de                __lo0bits
 .text.__i2b    0x08011138       0x2c /opt/st/stm32cubeide_1.18.0/plugins/com.st.stm32cube.ide.mcu.externaltools.gnu-tools-for-stm32.13.3.rel1.linux64_1.0.0.202410170706/tools/bin/../lib/gcc/arm-none-eabi/13.3.1/../../../../arm-none-eabi/lib/thumb/v7e-m+fp/hard/libc_nano.a(libc_a-mprec.o)
                0x08011138                __i2b
 .text.__multiply
                0x08011164      0x144 /opt/st/stm32cubeide_1.18.0/plugins/com.st.stm32cube.ide.mcu.externaltools.gnu-tools-for-stm32.13.3.rel1.linux64_1.0.0.202410170706/tools/bin/../lib/gcc/arm-none-eabi/13.3.1/../../../../arm-none-eabi/lib/thumb/v7e-m+fp/hard/libc_nano.a(libc_a-mprec.o)
                0x08011164                __multiply
 .text.__pow5mult
                0x080112a8       0xb4 /opt/st/stm32cubeide_1.18.0/plugins/com.st.stm32cube.ide.mcu.externaltools.gnu-tools-for-stm32.13.3.rel1.linux64_1.0.0.202410170706/tools/bin/../lib/gcc/arm-none-eabi/13.3.1/../../../../arm-none-eabi/lib/thumb/v7e-m+fp/hard/libc_nano.a(libc_a-mprec.o)
                0x080112a8                __pow5mult
 .text.__lshift
                0x0801135c       0xd8 /opt/st/stm32cubeide_1.18.0/plugins/com.st.stm32cube.ide.mcu.externaltools.gnu-tools-for-stm32.13.3.rel1.linux64_1.0.0.202410170706/tools/bin/../lib/gcc/arm-none-eabi/13.3.1/../../../../arm-none-eabi/lib/thumb/v7e-m+fp/hard/libc_nano.a(libc_a-mprec.o)
                0x0801135c                __lshift
 .text.__mcmp   0x08011434       0x36 /opt/st/stm32cubeide_1.18.0/plugins/com.st.stm32cube.ide.mcu.externaltools.gnu-tools-for-stm32.13.3.rel1.linux64_1.0.0.202410170706/tools/bin/../lib/gcc/arm-none-eabi/13.3.1/../../../../arm-none-eabi/lib/thumb/v7e-m+fp/hard/libc_nano.a(libc_a-mprec.o)
                0x08011434                __mcmp
 *fill*         0x0801146a        0x2 
 .text.__mdiff  0x0801146c      0x128 /opt/st/stm32cubeide_1.18.0/plugins/com.st.stm32cube.ide.mcu.externaltools.gnu-tools-for-stm32.13.3.rel1.linux64_1.0.0.202410170706/tools/bin/../lib/gcc/arm-none-eabi/13.3.1/../../../../arm-none-eabi/lib/thumb/v7e-m+fp/hard/libc_nano.a(libc_a-mprec.o)
                0x0801146c                __mdiff
 .text.__ulp    0x08011594       0x4c /opt/st/stm32cubeide_1.18.0/plugins/com.st.stm32cube.ide.mcu.externaltools.gnu-tools-for-stm32.13.3.rel1.linux64_1.0.0.202410170706/tools/bin/../lib/gcc/arm-none-eabi/13.3.1/../../../../arm-none-eabi/lib/thumb/v7e-m+fp/hard/libc_nano.a(libc_a-mprec.o)
                0x08011594                __ulp
 .text.__b2d    0x080115e0       0x94 /opt/st/stm32cubeide_1.18.0/plugins/com.st.stm32cube.ide.mcu.externaltools.gnu-tools-for-stm32.13.3.rel1.linux64_1.0.0.202410170706/tools/bin/../lib/gcc/arm-none-eabi/13.3.1/../../../../arm-none-eabi/lib/thumb/v7e-m+fp/hard/libc_nano.a(libc_a-mprec.o)
                0x080115e0                __b2d
 .text.__d2b    0x08011674       0xb0 /opt/st/stm32cubeide_1.18.0/plugins/com.st.stm32cube.ide.mcu.externaltools.gnu-tools-for-stm32.13.3.rel1.linux64_1.0.0.202410170706/tools/bin/../lib/gcc/arm-none-eabi/13.3.1/../../../../arm-none-eabi/lib/thumb/v7e-m+fp/hard/libc_nano.a(libc_a-mprec.o)
                0x08011674                __d2b
 .text.__ratio  0x08011724       0x64 /opt/st/stm32cubeide_1.18.0/plugins/com.st.stm32cube.ide.mcu.externaltools.gnu-tools-for-stm32.13.3.rel1.linux64_1.0.0.202410170706/tools/bin/../lib/gcc/arm-none-eabi/13.3.1/../../../../arm-none-eabi/lib/thumb/v7e-m+fp/hard/libc_nano.a(libc_a-mprec.o)
                0x08011724                __ratio
 .text.__copybits
                0x08011788       0x46 /opt/st/stm32cubeide_1.18.0/plugins/com.st.stm32cube.ide.mcu.externaltools.gnu-tools-for-stm32.13.3.rel1.linux64_1.0.0.202410170706/tools/bin/../lib/gcc/arm-none-eabi/13.3.1/../../../../arm-none-eabi/lib/thumb/v7e-m+fp/hard/libc_nano.a(libc_a-mprec.o)
                0x08011788                __copybits
 .text.__any_on
                0x080117ce       0x42 /opt/st/stm32cubeide_1.18.0/plugins/com.st.stm32cube.ide.mcu.externaltools.gnu-tools-for-stm32.13.3.rel1.linux64_1.0.0.202410170706/tools/bin/../lib/gcc/arm-none-eabi/13.3.1/../../../../arm-none-eabi/lib/thumb/v7e-m+fp/hard/libc_nano.a(libc_a-mprec.o)
                0x080117ce                __any_on
 .text._realloc_r
                0x08011810       0x5c /opt/st/stm32cubeide_1.18.0/plugins/com.st.stm32cube.ide.mcu.externaltools.gnu-tools-for-stm32.13.3.rel1.linux64_1.0.0.202410170706/tools/bin/../lib/gcc/arm-none-eabi/13.3.1/../../../../arm-none-eabi/lib/thumb/v7e-m+fp/hard/libc_nano.a(libc_a-reallocr.o)
                0x08011810                _realloc_r
 .text._strtol_l.isra.0
                0x0801186c       0xf4 /opt/st/stm32cubeide_1.18.0/plugins/com.st.stm32cube.ide.mcu.externaltools.gnu-tools-for-stm32.13.3.rel1.linux64_1.0.0.202410170706/tools/bin/../lib/gcc/arm-none-eabi/13.3.1/../../../../arm-none-eabi/lib/thumb/v7e-m+fp/hard/libc_nano.a(libc_a-strtol.o)
 .text._strtol_r
                0x08011960        0x4 /opt/st/stm32cubeide_1.18.0/plugins/com.st.stm32cube.ide.mcu.externaltools.gnu-tools-for-stm32.13.3.rel1.linux64_1.0.0.202410170706/tools/bin/../lib/gcc/arm-none-eabi/13.3.1/../../../../arm-none-eabi/lib/thumb/v7e-m+fp/hard/libc_nano.a(libc_a-strtol.o)
                0x08011960                _strtol_r
 .text.__ascii_wctomb
                0x08011964       0x1a /opt/st/stm32cubeide_1.18.0/plugins/com.st.stm32cube.ide.mcu.externaltools.gnu-tools-for-stm32.13.3.rel1.linux64_1.0.0.202410170706/tools/bin/../lib/gcc/arm-none-eabi/13.3.1/../../../../arm-none-eabi/lib/thumb/v7e-m+fp/hard/libc_nano.a(libc_a-wctomb_r.o)
                0x08011964                __ascii_wctomb
 .text.__ssputs_r
                0x0801197e       0xb6 /opt/st/stm32cubeide_1.18.0/plugins/com.st.stm32cube.ide.mcu.externaltools.gnu-tools-for-stm32.13.3.rel1.linux64_1.0.0.202410170706/tools/bin/../lib/gcc/arm-none-eabi/13.3.1/../../../../arm-none-eabi/lib/thumb/v7e-m+fp/hard/libc_nano.a(libc_a-nano-svfprintf.o)
                0x0801197e                __ssputs_r
 .text._svfprintf_r
                0x08011a34      0x1f8 /opt/st/stm32cubeide_1.18.0/plugins/com.st.stm32cube.ide.mcu.externaltools.gnu-tools-for-stm32.13.3.rel1.linux64_1.0.0.202410170706/tools/bin/../lib/gcc/arm-none-eabi/13.3.1/../../../../arm-none-eabi/lib/thumb/v7e-m+fp/hard/libc_nano.a(libc_a-nano-svfprintf.o)
                0x08011a34                _svfprintf_r
                0x08011a34                _svfiprintf_r
 .text.__sfputc_r
                0x08011c2c       0x2e /opt/st/stm32cubeide_1.18.0/plugins/com.st.stm32cube.ide.mcu.externaltools.gnu-tools-for-stm32.13.3.rel1.linux64_1.0.0.202410170706/tools/bin/../lib/gcc/arm-none-eabi/13.3.1/../../../../arm-none-eabi/lib/thumb/v7e-m+fp/hard/libc_nano.a(libc_a-nano-vfprintf.o)
 .text.__sfputs_r
                0x08011c5a       0x24 /opt/st/stm32cubeide_1.18.0/plugins/com.st.stm32cube.ide.mcu.externaltools.gnu-tools-for-stm32.13.3.rel1.linux64_1.0.0.202410170706/tools/bin/../lib/gcc/arm-none-eabi/13.3.1/../../../../arm-none-eabi/lib/thumb/v7e-m+fp/hard/libc_nano.a(libc_a-nano-vfprintf.o)
                0x08011c5a                __sfputs_r
 *fill*         0x08011c7e        0x2 
 .text._vfprintf_r
                0x08011c80      0x230 /opt/st/stm32cubeide_1.18.0/plugins/com.st.stm32cube.ide.mcu.externaltools.gnu-tools-for-stm32.13.3.rel1.linux64_1.0.0.202410170706/tools/bin/../lib/gcc/arm-none-eabi/13.3.1/../../../../arm-none-eabi/lib/thumb/v7e-m+fp/hard/libc_nano.a(libc_a-nano-vfprintf.o)
                0x08011c80                _vfiprintf_r
                0x08011c80                _vfprintf_r
 .text._getc_r  0x08011eb0       0x56 /opt/st/stm32cubeide_1.18.0/plugins/com.st.stm32cube.ide.mcu.externaltools.gnu-tools-for-stm32.13.3.rel1.linux64_1.0.0.202410170706/tools/bin/../lib/gcc/arm-none-eabi/13.3.1/../../../../arm-none-eabi/lib/thumb/v7e-m+fp/hard/libc_nano.a(libc_a-getc.o)
                0x08011eb0                _getc_r
 .text.__swhatbuf_r
                0x08011f06       0x4c /opt/st/stm32cubeide_1.18.0/plugins/com.st.stm32cube.ide.mcu.externaltools.gnu-tools-for-stm32.13.3.rel1.linux64_1.0.0.202410170706/tools/bin/../lib/gcc/arm-none-eabi/13.3.1/../../../../arm-none-eabi/lib/thumb/v7e-m+fp/hard/libc_nano.a(libc_a-makebuf.o)
                0x08011f06                __swhatbuf_r
 .text.__smakebuf_r
                0x08011f52       0x78 /opt/st/stm32cubeide_1.18.0/plugins/com.st.stm32cube.ide.mcu.externaltools.gnu-tools-for-stm32.13.3.rel1.linux64_1.0.0.202410170706/tools/bin/../lib/gcc/arm-none-eabi/13.3.1/../../../../arm-none-eabi/lib/thumb/v7e-m+fp/hard/libc_nano.a(libc_a-makebuf.o)
                0x08011f52                __smakebuf_r
 .text._putc_r  0x08011fca       0x68 /opt/st/stm32cubeide_1.18.0/plugins/com.st.stm32cube.ide.mcu.externaltools.gnu-tools-for-stm32.13.3.rel1.linux64_1.0.0.202410170706/tools/bin/../lib/gcc/arm-none-eabi/13.3.1/../../../../arm-none-eabi/lib/thumb/v7e-m+fp/hard/libc_nano.a(libc_a-putc.o)
                0x08011fca                _putc_r
 .text.__srget_r
                0x08012032       0x30 /opt/st/stm32cubeide_1.18.0/plugins/com.st.stm32cube.ide.mcu.externaltools.gnu-tools-for-stm32.13.3.rel1.linux64_1.0.0.202410170706/tools/bin/../lib/gcc/arm-none-eabi/13.3.1/../../../../arm-none-eabi/lib/thumb/v7e-m+fp/hard/libc_nano.a(libc_a-rget.o)
                0x08012032                __srget_r
 .text.memmove  0x08012062       0x34 /opt/st/stm32cubeide_1.18.0/plugins/com.st.stm32cube.ide.mcu.externaltools.gnu-tools-for-stm32.13.3.rel1.linux64_1.0.0.202410170706/tools/bin/../lib/gcc/arm-none-eabi/13.3.1/../../../../arm-none-eabi/lib/thumb/v7e-m+fp/hard/libc_nano.a(libc_a-memmove.o)
                0x08012062                memmove
 .text._raise_r
                0x08012096       0x50 /opt/st/stm32cubeide_1.18.0/plugins/com.st.stm32cube.ide.mcu.externaltools.gnu-tools-for-stm32.13.3.rel1.linux64_1.0.0.202410170706/tools/bin/../lib/gcc/arm-none-eabi/13.3.1/../../../../arm-none-eabi/lib/thumb/v7e-m+fp/hard/libc_nano.a(libc_a-signal.o)
                0x08012096                _raise_r
 *fill*         0x080120e6        0x2 
 .text.raise    0x080120e8       0x10 /opt/st/stm32cubeide_1.18.0/plugins/com.st.stm32cube.ide.mcu.externaltools.gnu-tools-for-stm32.13.3.rel1.linux64_1.0.0.202410170706/tools/bin/../lib/gcc/arm-none-eabi/13.3.1/../../../../arm-none-eabi/lib/thumb/v7e-m+fp/hard/libc_nano.a(libc_a-signal.o)
                0x080120e8                raise
 .text._fstat_r
                0x080120f8       0x24 /opt/st/stm32cubeide_1.18.0/plugins/com.st.stm32cube.ide.mcu.externaltools.gnu-tools-for-stm32.13.3.rel1.linux64_1.0.0.202410170706/tools/bin/../lib/gcc/arm-none-eabi/13.3.1/../../../../arm-none-eabi/lib/thumb/v7e-m+fp/hard/libc_nano.a(libc_a-fstatr.o)
                0x080120f8                _fstat_r
 .text._isatty_r
                0x0801211c       0x20 /opt/st/stm32cubeide_1.18.0/plugins/com.st.stm32cube.ide.mcu.externaltools.gnu-tools-for-stm32.13.3.rel1.linux64_1.0.0.202410170706/tools/bin/../lib/gcc/arm-none-eabi/13.3.1/../../../../arm-none-eabi/lib/thumb/v7e-m+fp/hard/libc_nano.a(libc_a-isattyr.o)
                0x0801211c                _isatty_r
 .text._kill_r  0x0801213c       0x24 /opt/st/stm32cubeide_1.18.0/plugins/com.st.stm32cube.ide.mcu.externaltools.gnu-tools-for-stm32.13.3.rel1.linux64_1.0.0.202410170706/tools/bin/../lib/gcc/arm-none-eabi/13.3.1/../../../../arm-none-eabi/lib/thumb/v7e-m+fp/hard/libc_nano.a(libc_a-signalr.o)
                0x0801213c                _kill_r
 .text._getpid_r