../Core/Src/main.c:69:6:vApplicationMallocFailedHook	16	static,ignoring_inline_asm
../Core/Src/main.c:77:6:vApplicationStackOverflowHook	24	static,ignoring_inline_asm
../Core/Src/main.c:92:12:CapabilityFunc	120	static
../Core/Src/main.c:138:14:StepLibraryMalloc	16	static
../Core/Src/main.c:143:13:StepLibraryFree	16	static
../Core/Src/main.c:147:12:StepDriverSpiTransfer	40	static
../Core/Src/main.c:162:13:StepDriverReset	16	static
../Core/Src/main.c:168:13:StepLibraryDelay	40	static
../Core/Src/main.c:182:12:StepTimerCancelAsync	24	static
../Core/Src/main.c:202:6:vStepperPulseTask	24	static
../Core/Src/main.c:235:12:StepTimerAsync	40	static
../Core/Src/main.c:258:12:StepSynchronous	32	static
../Core/Src/main.c:278:6:StepperTask	64	static
../Core/Src/main.c:363:5:main	16	static
../Core/Src/main.c:423:6:SystemClock_Config	88	static
../Core/Src/main.c:470:13:MX_SPI1_Init	8	static
../Core/Src/main.c:510:13:MX_TIM2_Init	64	static
../Core/Src/main.c:573:13:MX_USART3_UART_Init	8	static
../Core/Src/main.c:608:13:MX_GPIO_Init	56	static
../Core/Src/main.c:714:6:vAssertCalled	24	static
../Core/Src/main.c:734:5:__stdout_put_char	24	static
../Core/Src/main.c:743:5:__stdin_get_char	4	static
../Core/Src/main.c:761:6:MPU_Config	24	static
../Core/Src/main.c:804:6:Error_Handler	4	static,ignoring_inline_asm
../Core/Src/main.c:823:6:assert_failed	16	static
