../Core/Src/main.c:69:6:vApplicationMallocFailedHook	16	static,ignoring_inline_asm
../Core/Src/main.c:77:6:vApplicationStackOverflowHook	24	static,ignoring_inline_asm
../Core/Src/main.c:92:12:CapabilityFunc	120	static
../Core/Src/main.c:138:14:StepLibraryMalloc	16	static
../Core/Src/main.c:143:13:StepLibraryFree	16	static
../Core/Src/main.c:147:12:StepDriverSpiTransfer	48	static,ignoring_inline_asm
../Core/Src/main.c:185:13:StepDriverReset	16	static
../Core/Src/main.c:191:13:StepLibraryDelay	40	static
../Core/Src/main.c:205:12:StepTimerCancelAsync	24	static
../Core/Src/main.c:225:6:vStepperPulseTask	24	static
../Core/Src/main.c:258:12:StepTimerAsync	40	static
../Core/Src/main.c:281:12:StepSynchronous	32	static
../Core/Src/main.c:301:6:StepperTask	64	static
../Core/Src/main.c:385:5:main	16	static
../Core/Src/main.c:445:6:SystemClock_Config	88	static
../Core/Src/main.c:492:13:MX_SPI1_Init	8	static
../Core/Src/main.c:532:13:MX_TIM2_Init	64	static
../Core/Src/main.c:595:13:MX_USART3_UART_Init	8	static
../Core/Src/main.c:630:13:MX_GPIO_Init	56	static
../Core/Src/main.c:736:6:vAssertCalled	24	static
../Core/Src/main.c:756:5:__stdout_put_char	24	static
../Core/Src/main.c:765:5:__stdin_get_char	4	static
../Core/Src/main.c:783:6:MPU_Config	24	static
../Core/Src/main.c:826:6:Error_Handler	4	static,ignoring_inline_asm
../Core/Src/main.c:845:6:assert_failed	16	static
